Archive member included to satisfy reference by file (symbol)

/home/vc/eclipse-workspace/scanner/build/cxx/libcxx.a(cxx_guards.o)
                              (__cxa_guard_dummy)
/home/vc/eclipse-workspace/scanner/build/esp32/libesp32.a(panic.o)
                              /home/vc/eclipse-workspace/scanner/build/cxx/libcxx.a(cxx_guards.o) (abort)
/home/vc/eclipse-workspace/scanner/build/esp32/libesp32.a(system_api.o)
                              /home/vc/eclipse-workspace/scanner/build/esp32/libesp32.a(panic.o) (esp_restart_noos)
/home/vc/eclipse-workspace/scanner/build/esp32/libesp32.a(cpu_start.o)
                              (call_start_cpu0)
/home/vc/eclipse-workspace/scanner/build/esp32/libesp32.a(cache_err_int.o)
                              /home/vc/eclipse-workspace/scanner/build/esp32/libesp32.a(cpu_start.o) (esp_cache_err_int_init)
/home/vc/eclipse-workspace/scanner/build/esp32/libesp32.a(ipc.o)
                              /home/vc/eclipse-workspace/scanner/build/esp32/libesp32.a(cpu_start.o) (esp_ipc_init)
/home/vc/eclipse-workspace/scanner/build/esp32/libesp32.a(int_wdt.o)
                              /home/vc/eclipse-workspace/scanner/build/esp32/libesp32.a(cpu_start.o) (esp_int_wdt_init)
/home/vc/eclipse-workspace/scanner/build/esp32/libesp32.a(dport_access.o)
                              /home/vc/eclipse-workspace/scanner/build/esp32/libesp32.a(cpu_start.o) (esp_dport_access_int_init)
/home/vc/eclipse-workspace/scanner/build/esp32/libesp32.a(brownout.o)
                              /home/vc/eclipse-workspace/scanner/build/esp32/libesp32.a(cpu_start.o) (esp_brownout_init)
/home/vc/eclipse-workspace/scanner/build/esp32/libesp32.a(task_wdt.o)
                              /home/vc/eclipse-workspace/scanner/build/esp32/libesp32.a(cpu_start.o) (esp_task_wdt_init)
/home/vc/eclipse-workspace/scanner/build/esp32/libesp32.a(crosscore_int.o)
                              /home/vc/eclipse-workspace/scanner/build/esp32/libesp32.a(cpu_start.o) (esp_crosscore_int_init)
/home/vc/eclipse-workspace/scanner/build/esp32/libesp32.a(clk.o)
                              /home/vc/eclipse-workspace/scanner/build/esp32/libesp32.a(cpu_start.o) (esp_clk_init)
/home/vc/eclipse-workspace/scanner/build/esp32/libesp32.a(freertos_hooks.o)
                              /home/vc/eclipse-workspace/scanner/build/esp32/libesp32.a(task_wdt.o) (esp_register_freertos_idle_hook)
/home/vc/eclipse-workspace/scanner/build/esp32/libesp32.a(intr_alloc.o)
                              /home/vc/eclipse-workspace/scanner/build/esp32/libesp32.a(task_wdt.o) (esp_intr_alloc)
/home/vc/esp/esp-idf/components/esp32/libhal.a(int_asm--set_intclear.o)
                              /home/vc/eclipse-workspace/scanner/build/esp32/libesp32.a(intr_alloc.o) (xthal_set_intclear)
/home/vc/eclipse-workspace/scanner/build/freertos/libfreertos.a(xtensa_intr.o)
                              /home/vc/eclipse-workspace/scanner/build/esp32/libesp32.a(intr_alloc.o) (xt_unhandled_interrupt)
/home/vc/eclipse-workspace/scanner/build/freertos/libfreertos.a(queue.o)
                              /home/vc/eclipse-workspace/scanner/build/esp32/libesp32.a(ipc.o) (xQueueGenericCreate)
/home/vc/eclipse-workspace/scanner/build/freertos/libfreertos.a(list.o)
                              /home/vc/eclipse-workspace/scanner/build/freertos/libfreertos.a(queue.o) (vListInitialise)
/home/vc/eclipse-workspace/scanner/build/freertos/libfreertos.a(port.o)
                              /home/vc/eclipse-workspace/scanner/build/esp32/libesp32.a(cpu_start.o) (port_xSchedulerRunning)
/home/vc/eclipse-workspace/scanner/build/freertos/libfreertos.a(tasks.o)
                              /home/vc/eclipse-workspace/scanner/build/esp32/libesp32.a(system_api.o) (vTaskSuspendAll)
/home/vc/eclipse-workspace/scanner/build/freertos/libfreertos.a(timers.o)
                              /home/vc/eclipse-workspace/scanner/build/freertos/libfreertos.a(tasks.o) (xTimerCreateTimerTask)
/home/vc/eclipse-workspace/scanner/build/freertos/libfreertos.a(FreeRTOS-openocd.o)
                              (uxTopUsedPriority)
/home/vc/eclipse-workspace/scanner/build/freertos/libfreertos.a(xtensa_intr_asm.o)
                              /home/vc/eclipse-workspace/scanner/build/esp32/libesp32.a(intr_alloc.o) (_xt_interrupt_table)
/home/vc/eclipse-workspace/scanner/build/freertos/libfreertos.a(xtensa_context.o)
                              /home/vc/eclipse-workspace/scanner/build/freertos/libfreertos.a(port.o) (_xt_coproc_init)
/home/vc/eclipse-workspace/scanner/build/freertos/libfreertos.a(xtensa_vectors.o)
                              /home/vc/eclipse-workspace/scanner/build/freertos/libfreertos.a(port.o) (_xt_user_exit)
/home/vc/eclipse-workspace/scanner/build/freertos/libfreertos.a(portasm.o)
                              /home/vc/eclipse-workspace/scanner/build/esp32/libesp32.a(crosscore_int.o) (_frxt_setup_switch)
/home/vc/eclipse-workspace/scanner/build/freertos/libfreertos.a(xtensa_init.o)
[...]
Memory Configuration

Name             Origin             Length             Attributes
iram0_0_seg      0x0000000040080000 0x0000000000020000 xr
iram0_2_seg      0x00000000400d0018 0x0000000000330000 xr
dram0_0_seg      0x000000003ffb0000 0x0000000000050000 rw
drom0_0_seg      0x000000003f400010 0x0000000000800000 r
rtc_iram_seg     0x00000000400c0000 0x0000000000002000 xrw
rtc_slow_seg     0x0000000050000000 0x0000000000001000 rw
*default*        0x0000000000000000 0xffffffffffffffff

Linker script and memory map

START GROUP
LOAD /home/vc/eclipse-workspace/scanner/build/app_trace/libapp_trace.a
LOAD /home/vc/eclipse-workspace/scanner/build/app_update/libapp_update.a
LOAD /home/vc/eclipse-workspace/scanner/build/bootloader_support/libbootloader_support.a
LOAD /home/vc/eclipse-workspace/scanner/build/bt/libbt.a
LOAD /home/vc/eclipse-workspace/scanner/build/coap/libcoap.a
LOAD /home/vc/eclipse-workspace/scanner/build/cxx/libcxx.a
LOAD /home/vc/eclipse-workspace/scanner/build/driver/libdriver.a
LOAD /home/vc/eclipse-workspace/scanner/build/esp32/libesp32.a
LOAD /home/vc/esp/esp-idf/components/esp32/libhal.a
LOAD /home/vc/esp/esp-idf/components/esp32/lib/libcore.a
LOAD /home/vc/esp/esp-idf/components/esp32/lib/librtc.a
LOAD /home/vc/eclipse-workspace/scanner/build/ethernet/libethernet.a
LOAD /home/vc/eclipse-workspace/scanner/build/expat/libexpat.a
LOAD /home/vc/eclipse-workspace/scanner/build/fatfs/libfatfs.a
LOAD /home/vc/eclipse-workspace/scanner/build/freertos/libfreertos.a
LOAD /home/vc/eclipse-workspace/scanner/build/heap/libheap.a
LOAD /home/vc/eclipse-workspace/scanner/build/jsmn/libjsmn.a
LOAD /home/vc/eclipse-workspace/scanner/build/json/libjson.a
LOAD /home/vc/eclipse-workspace/scanner/build/libsodium/liblibsodium.a
LOAD /home/vc/eclipse-workspace/scanner/build/log/liblog.a
LOAD /home/vc/eclipse-workspace/scanner/build/lwip/liblwip.a
LOAD /home/vc/eclipse-workspace/scanner/build/mbedtls/libmbedtls.a
LOAD /home/vc/eclipse-workspace/scanner/build/mdns/libmdns.a
LOAD /home/vc/eclipse-workspace/scanner/build/micro-ecc/libmicro-ecc.a
LOAD /home/vc/esp/esp-idf/components/newlib/lib/libc.a
LOAD /home/vc/esp/esp-idf/components/newlib/lib/libm.a
LOAD /home/vc/eclipse-workspace/scanner/build/newlib/libnewlib.a
LOAD /home/vc/eclipse-workspace/scanner/build/nghttp/libnghttp.a
LOAD /home/vc/eclipse-workspace/scanner/build/nvs_flash/libnvs_flash.a
LOAD /home/vc/eclipse-workspace/scanner/build/openssl/libopenssl.a
LOAD /home/vc/eclipse-workspace/scanner/build/sdmmc/libsdmmc.a
LOAD /home/vc/eclipse-workspace/scanner/build/soc/libsoc.a
LOAD /home/vc/eclipse-workspace/scanner/build/spi_flash/libspi_flash.a
LOAD /home/vc/eclipse-workspace/scanner/build/tcpip_adapter/libtcpip_adapter.a
LOAD /home/vc/eclipse-workspace/scanner/build/ulp/libulp.a
LOAD /home/vc/eclipse-workspace/scanner/build/vfs/libvfs.a
LOAD /home/vc/eclipse-workspace/scanner/build/wear_levelling/libwear_levelling.a
LOAD /home/vc/eclipse-workspace/scanner/build/wpa_supplicant/libwpa_supplicant.a
LOAD /home/vc/eclipse-workspace/scanner/build/xtensa-debug-module/libxtensa-debug-module.a
LOAD /home/vc/eclipse-workspace/scanner/build/main/libmain.a
LOAD /home/vc/esp/xtensa-esp32-elf/bin/../lib/gcc/xtensa-esp32-elf/5.2.0/libgcc.a
LOAD /home/vc/esp/xtensa-esp32-elf/bin/../lib/gcc/xtensa-esp32-elf/5.2.0/../../../../xtensa-esp32-elf/lib/libstdc++.a
END GROUP
                0x0000000040000000                _heap_end = 0x40000000

.rtc.text       0x00000000400c0000        0x0
                0x00000000400c0000                . = ALIGN (0x4)
 *(.rtc.literal .rtc.text)
 *rtc_wake_stub*.o(.literal .text .literal.* .text.*)

.rtc.data       0x0000000050000000        0x0
                0x0000000050000000                _rtc_data_start = ABSOLUTE (.)
 *(.rtc.data)
 *(.rtc.rodata)
 *rtc_wake_stub*.o(.data .rodata .data.* .rodata.* .bss .bss.*)
                0x0000000050000000                _rtc_data_end = ABSOLUTE (.)

.rtc.bss        0x0000000050000000        0x0
                0x0000000050000000                _rtc_bss_start = ABSOLUTE (.)
 *rtc_wake_stub*.o(.bss .bss.*)
 *rtc_wake_stub*.o(COMMON)
                0x0000000050000000                _rtc_bss_end = ABSOLUTE (.)

.iram0.vectors  0x0000000040080000      0x400
                0x0000000040080000                _init_start = ABSOLUTE (.)
                0x0000000000000000                . = 0x0
 *(.WindowVectors.text)
 .WindowVectors.text
                0x0000000040080000      0x16a /home/vc/eclipse-workspace/scanner/build/freertos/libfreertos.a(xtensa_vectors.o)
                0x0000000040080000                _WindowOverflow4
                0x0000000040080040                _WindowUnderflow4
                0x0000000040080050                _xt_alloca_exc
                0x0000000040080080                _WindowOverflow8
                0x00000000400800c0                _WindowUnderflow8
                0x0000000040080100                _WindowOverflow12
                0x0000000040080140                _WindowUnderflow12
                0x0000000000000180                . = 0x180
 *fill*         0x000000004008016a       0x16 
 *(.Level2InterruptVector.text)
 .Level2InterruptVector.text
                0x0000000040080180        0x6 /home/vc/eclipse-workspace/scanner/build/freertos/libfreertos.a(xtensa_vectors.o)
                0x0000000040080180                _Level2Vector
                0x00000000000001c0                . = 0x1c0
 *fill*         0x0000000040080186       0x3a 
 *(.Level3InterruptVector.text)
 .Level3InterruptVector.text
                0x00000000400801c0        0x6 /home/vc/eclipse-workspace/scanner/build/freertos/libfreertos.a(xtensa_vectors.o)
                0x00000000400801c0                _Level3Vector
                0x0000000000000200                . = 0x200
 *fill*         0x00000000400801c6       0x3a 
 *(.Level4InterruptVector.text)
 .Level4InterruptVector.text
                0x0000000040080200        0x6 /home/vc/eclipse-workspace/scanner/build/freertos/libfreertos.a(xtensa_vectors.o)
                0x0000000040080200                _Level4Vector
                0x0000000000000240                . = 0x240
 *fill*         0x0000000040080206       0x3a 
 *(.Level5InterruptVector.text)
 .Level5InterruptVector.text
                0x0000000040080240        0x6 /home/vc/eclipse-workspace/scanner/build/freertos/libfreertos.a(xtensa_vectors.o)
                0x0000000040080240                _Level5Vector
                0x0000000000000280                . = 0x280
 *fill*         0x0000000040080246       0x3a 
 *(.DebugExceptionVector.text)
 .DebugExceptionVector.text
                0x0000000040080280        0xf /home/vc/eclipse-workspace/scanner/build/freertos/libfreertos.a(xtensa_vectors.o)
                0x0000000040080280                _DebugExceptionVector
                0x00000000000002c0                . = 0x2c0
 *fill*         0x000000004008028f       0x31 
 *(.NMIExceptionVector.text)
 .NMIExceptionVector.text
                0x00000000400802c0        0x6 /home/vc/eclipse-workspace/scanner/build/freertos/libfreertos.a(xtensa_vectors.o)
                0x00000000400802c0                _NMIExceptionVector
                0x0000000000000300                . = 0x300
 *fill*         0x00000000400802c6       0x3a 
 *(.KernelExceptionVector.text)
 .KernelExceptionVector.text
                0x0000000040080300        0x6 /home/vc/eclipse-workspace/scanner/build/freertos/libfreertos.a(xtensa_vectors.o)
                0x0000000040080300                _KernelExceptionVector
                0x0000000000000340                . = 0x340
 *fill*         0x0000000040080306       0x3a 
 *(.UserExceptionVector.text)
 .UserExceptionVector.text
                0x0000000040080340        0x6 /home/vc/eclipse-workspace/scanner/build/freertos/libfreertos.a(xtensa_vectors.o)
                0x0000000040080340                _UserExceptionVector
                0x00000000000003c0                . = 0x3c0
 *fill*         0x0000000040080346       0x7a 
 *(.DoubleExceptionVector.text)
 .DoubleExceptionVector.text
                0x00000000400803c0        0xf /home/vc/eclipse-workspace/scanner/build/freertos/libfreertos.a(xtensa_vectors.o)
                0x00000000400803c0                _DoubleExceptionVector
                0x0000000000000400                . = 0x400
 *fill*         0x00000000400803cf       0x31 
 *(.*Vector.literal)
 *(.UserEnter.literal)
 *(.UserEnter.text)
                0x0000000040080400                . = ALIGN (0x10)
 *(.entry.text)
 *(.init.literal)
 *(.init)
                0x0000000040080400                _init_end = ABSOLUTE (.)
                0x0000000000000000                _iram_start = 0x0

.iram0.text     0x0000000040080400     0x7e18
                0x0000000040080400                _iram_text_start = ABSOLUTE (.)
 *(.iram1 .iram1.*)
 .iram1.literal
                0x0000000040080400       0x40 /home/vc/eclipse-workspace/scanner/build/esp32/libesp32.a(system_api.o)
                                         0x60 (size before relaxing)
 .iram1.literal
                0x0000000040080440       0xa4 /home/vc/eclipse-workspace/scanner/build/esp32/libesp32.a(cpu_start.o)
                                        0x180 (size before relaxing)
 .iram1.literal
                0x00000000400804e4        0xc /home/vc/eclipse-workspace/scanner/build/esp32/libesp32.a(cache_err_int.o)
 .iram1.literal
                0x00000000400804f0       0x20 /home/vc/eclipse-workspace/scanner/build/esp32/libesp32.a(ipc.o)
                                         0x34 (size before relaxing)
 .iram1.literal
                0x0000000040080510        0x4 /home/vc/eclipse-workspace/scanner/build/esp32/libesp32.a(int_wdt.o)
                                          0xc (size before relaxing)
 .iram1.literal
                0x0000000040080514       0x34 /home/vc/eclipse-workspace/scanner/build/esp32/libesp32.a(dport_access.o)
                                         0x54 (size before relaxing)
 .iram1.literal
                0x0000000040080548       0x1c /home/vc/eclipse-workspace/scanner/build/esp32/libesp32.a(crosscore_int.o)
                                         0x40 (size before relaxing)
 .iram1.literal
                0x0000000040080564        0x8 /home/vc/eclipse-workspace/scanner/build/esp32/libesp32.a(clk.o)
 .iram1.literal
                0x000000004008056c        0x4 /home/vc/eclipse-workspace/scanner/build/esp32/libesp32.a(freertos_hooks.o)
 .iram1.literal
                0x0000000040080570       0x14 /home/vc/eclipse-workspace/scanner/build/esp32/libesp32.a(intr_alloc.o)
                                         0x5c (size before relaxing)
 .iram1.literal
                0x0000000040080584       0x50 /home/vc/eclipse-workspace/scanner/build/freertos/libfreertos.a(xtensa_vectors.o)
                                         0x80 (size before relaxing)
 .iram1.literal
                0x00000000400805d4       0x4c /home/vc/eclipse-workspace/scanner/build/heap/libheap.a(heap_caps.o)
                                         0x94 (size before relaxing)
 .iram1.literal
                0x0000000040080620       0x28 /home/vc/eclipse-workspace/scanner/build/log/liblog.a(log.o)
                                         0x48 (size before relaxing)
 .iram1.literal
                0x0000000040080648       0x1c /home/vc/eclipse-workspace/scanner/build/newlib/libnewlib.a(time.o)
                                         0x34 (size before relaxing)
 .iram1.literal
                0x0000000040080664        0x8 /home/vc/eclipse-workspace/scanner/build/newlib/libnewlib.a(reent_init.o)
                                         0x10 (size before relaxing)
 .iram1.literal
                0x000000004008066c        0x0 /home/vc/eclipse-workspace/scanner/build/newlib/libnewlib.a(syscalls.o)
                                         0x14 (size before relaxing)
 .iram1.literal
                0x000000004008066c       0x14 /home/vc/eclipse-workspace/scanner/build/newlib/libnewlib.a(locks.o)
                                         0x90 (size before relaxing)
 .iram1.literal
                0x0000000040080680       0x18 /home/vc/eclipse-workspace/scanner/build/soc/libsoc.a(cpu_util.o)
                                         0x2c (size before relaxing)
 .iram1.literal
                0x0000000040080698       0x4c /home/vc/eclipse-workspace/scanner/build/spi_flash/libspi_flash.a(cache_utils.o)
                                        0x140 (size before relaxing)
 .iram1.literal
                0x00000000400806e4       0x2c /home/vc/eclipse-workspace/scanner/build/spi_flash/libspi_flash.a(flash_ops.o)
                                         0xb4 (size before relaxing)
 .iram1.literal
                0x0000000040080710       0x48 /home/vc/eclipse-workspace/scanner/build/spi_flash/libspi_flash.a(flash_mmap.o)
                                         0xd4 (size before relaxing)
 .iram1.literal
                0x0000000040080758       0x30 /home/vc/eclipse-workspace/scanner/build/vfs/libvfs.a(vfs_uart.o)
                                         0x88 (size before relaxing)
 .iram1.literal
                0x0000000040080788       0x28 /home/vc/eclipse-workspace/scanner/build/driver/libdriver.a(i2c.o)
                                         0x48 (size before relaxing)
 .literal.xt_unhandled_interrupt
                0x00000000400807b0        0x4 /home/vc/eclipse-workspace/scanner/build/freertos/libfreertos.a(xtensa_intr.o)
                                          0x8 (size before relaxing)
 .literal.xt_set_interrupt_handler
                0x00000000400807b4        0x8 /home/vc/eclipse-workspace/scanner/build/freertos/libfreertos.a(xtensa_intr.o)
                                          0xc (size before relaxing)
 .literal.prvIsQueueFull
                0x00000000400807bc        0x0 /home/vc/eclipse-workspace/scanner/build/freertos/libfreertos.a(queue.o)
                                          0x8 (size before relaxing)
 .literal.prvCopyDataToQueue
                0x00000000400807bc        0x0 /home/vc/eclipse-workspace/scanner/build/freertos/libfreertos.a(queue.o)
                                          0xc (size before relaxing)
 .literal.prvNotifyQueueSetContainer
                0x00000000400807bc       0x14 /home/vc/eclipse-workspace/scanner/build/freertos/libfreertos.a(queue.o)
                                         0x2c (size before relaxing)
 .literal.prvCopyDataFromQueue
                0x00000000400807d0        0x0 /home/vc/eclipse-workspace/scanner/build/freertos/libfreertos.a(queue.o)
                                          0x4 (size before relaxing)
 .literal.xQueueGenericReset
                0x00000000400807d0        0x4 /home/vc/eclipse-workspace/scanner/build/freertos/libfreertos.a(queue.o)
                                         0x30 (size before relaxing)
 .literal.prvInitialiseNewQueue
                0x00000000400807d4        0x0 /home/vc/eclipse-workspace/scanner/build/freertos/libfreertos.a(queue.o)
                                          0x4 (size before relaxing)
 .literal.xQueueGenericCreate
                0x00000000400807d4        0x4 /home/vc/eclipse-workspace/scanner/build/freertos/libfreertos.a(queue.o)
                                         0x1c (size before relaxing)
 .literal.xQueueGetMutexHolder
                0x00000000400807d8        0x0 /home/vc/eclipse-workspace/scanner/build/freertos/libfreertos.a(queue.o)
                                          0x8 (size before relaxing)
 .literal.xQueueGenericSend
                0x00000000400807d8        0x4 /home/vc/eclipse-workspace/scanner/build/freertos/libfreertos.a(queue.o)
                                         0x7c (size before relaxing)
 .literal.prvInitialiseMutex
                0x00000000400807dc        0x0 /home/vc/eclipse-workspace/scanner/build/freertos/libfreertos.a(queue.o)
                                          0x8 (size before relaxing)
 .literal.xQueueCreateMutex
                0x00000000400807dc        0x0 /home/vc/eclipse-workspace/scanner/build/freertos/libfreertos.a(queue.o)
                                          0x8 (size before relaxing)
 .literal.xQueueGiveMutexRecursive
                0x00000000400807dc        0x4 /home/vc/eclipse-workspace/scanner/build/freertos/libfreertos.a(queue.o)
                                         0x1c (size before relaxing)
 .literal.xQueueGenericSendFromISR
                0x00000000400807e0        0x4 /home/vc/eclipse-workspace/scanner/build/freertos/libfreertos.a(queue.o)
                                         0x3c (size before relaxing)
 .literal.xQueueGiveFromISR
                0x00000000400807e4        0x4 /home/vc/eclipse-workspace/scanner/build/freertos/libfreertos.a(queue.o)
                                         0x30 (size before relaxing)
 .literal.xQueueGenericReceive
                0x00000000400807e8        0x4 /home/vc/eclipse-workspace/scanner/build/freertos/libfreertos.a(queue.o)
                                         0x78 (size before relaxing)
 .literal.xQueueTakeMutexRecursive
                0x00000000400807ec        0x4 /home/vc/eclipse-workspace/scanner/build/freertos/libfreertos.a(queue.o)
                                         0x1c (size before relaxing)
 .literal.xQueueReceiveFromISR
                0x00000000400807f0        0x4 /home/vc/eclipse-workspace/scanner/build/freertos/libfreertos.a(queue.o)
                                         0x30 (size before relaxing)
 .literal.vQueueDelete
                0x00000000400807f4        0x4 /home/vc/eclipse-workspace/scanner/build/freertos/libfreertos.a(queue.o)
                                         0x18 (size before relaxing)
 .literal.vQueueWaitForMessageRestricted
                0x00000000400807f8        0x0 /home/vc/eclipse-workspace/scanner/build/freertos/libfreertos.a(queue.o)
                                          0xc (size before relaxing)
 .literal.pxPortInitialiseStack
                0x00000000400807f8        0x4 /home/vc/eclipse-workspace/scanner/build/freertos/libfreertos.a(port.o)
                                          0x8 (size before relaxing)
 .literal.xPortStartScheduler
                0x00000000400807fc        0x0 /home/vc/eclipse-workspace/scanner/build/freertos/libfreertos.a(port.o)
                                         0x14 (size before relaxing)
 .literal.xPortSysTickHandler
                0x00000000400807fc        0x0 /home/vc/eclipse-workspace/scanner/build/freertos/libfreertos.a(port.o)
                                          0x8 (size before relaxing)
 .literal.vPortYieldOtherCore
                0x00000000400807fc        0x0 /home/vc/eclipse-workspace/scanner/build/freertos/libfreertos.a(port.o)
                                          0x4 (size before relaxing)
 .literal.vPortReleaseTaskMPUSettings
                0x00000000400807fc        0x0 /home/vc/eclipse-workspace/scanner/build/freertos/libfreertos.a(port.o)
                                          0x4 (size before relaxing)
 .literal.xPortInIsrContext
                0x00000000400807fc        0x4 /home/vc/eclipse-workspace/scanner/build/freertos/libfreertos.a(port.o)
                                          0x8 (size before relaxing)
 .literal.vPortCPUInitializeMutex
                0x0000000040080800        0x4 /home/vc/eclipse-workspace/scanner/build/freertos/libfreertos.a(port.o)
 .literal.vPortCPUAcquireMutex
                0x0000000040080804        0x8 /home/vc/eclipse-workspace/scanner/build/freertos/libfreertos.a(port.o)
                                         0x10 (size before relaxing)
 .literal.vPortCPUReleaseMutex
                0x000000004008080c        0x0 /home/vc/eclipse-workspace/scanner/build/freertos/libfreertos.a(port.o)
                                         0x10 (size before relaxing)
 .literal.vPortFirstTaskHook
                0x000000004008080c        0x0 /home/vc/eclipse-workspace/scanner/build/freertos/libfreertos.a(port.o)
                                          0x4 (size before relaxing)
 .literal.pvPortMalloc
                0x000000004008080c        0x0 /home/vc/eclipse-workspace/scanner/build/freertos/libfreertos.a(port.o)
                                          0x4 (size before relaxing)
 .literal.vPortFree
                0x000000004008080c        0x0 /home/vc/eclipse-workspace/scanner/build/freertos/libfreertos.a(port.o)
                                          0x4 (size before relaxing)
 .literal.prvResetNextTaskUnblockTime
                0x000000004008080c        0x8 /home/vc/eclipse-workspace/scanner/build/freertos/libfreertos.a(tasks.o)
 .literal.prvInitialiseNewTask
                0x0000000040080814        0x0 /home/vc/eclipse-workspace/scanner/build/freertos/libfreertos.a(tasks.o)
                                         0x18 (size before relaxing)
 .literal.prvInitialiseTaskLists
                0x0000000040080814       0x20 /home/vc/eclipse-workspace/scanner/build/freertos/libfreertos.a(tasks.o)
                                         0x40 (size before relaxing)
 .literal.prvAddCurrentTaskToDelayedList
                0x0000000040080834        0x4 /home/vc/eclipse-workspace/scanner/build/freertos/libfreertos.a(tasks.o)
                                         0x1c (size before relaxing)
 .literal.prvDeleteTCB
                0x0000000040080838       0x10 /home/vc/eclipse-workspace/scanner/build/freertos/libfreertos.a(tasks.o)
                                         0x2c (size before relaxing)
 .literal.taskYIELD_OTHER_CORE
                0x0000000040080848        0x0 /home/vc/eclipse-workspace/scanner/build/freertos/libfreertos.a(tasks.o)
                                         0x10 (size before relaxing)
 .literal.vTaskSuspendAll
                0x0000000040080848        0x4 /home/vc/eclipse-workspace/scanner/build/freertos/libfreertos.a(tasks.o)
                                          0x8 (size before relaxing)
 .literal.vTaskSwitchContext
                0x000000004008084c       0x18 /home/vc/eclipse-workspace/scanner/build/freertos/libfreertos.a(tasks.o)
                                         0x3c (size before relaxing)
 .literal.vTaskSetTimeOutState
                0x0000000040080864        0xc /home/vc/eclipse-workspace/scanner/build/freertos/libfreertos.a(tasks.o)
                                         0x20 (size before relaxing)
 .literal.xTaskGetCurrentTaskHandle
                0x0000000040080870        0x0 /home/vc/eclipse-workspace/scanner/build/freertos/libfreertos.a(tasks.o)
                                          0x8 (size before relaxing)
 .literal.__getreent
                0x0000000040080870        0x0 /home/vc/eclipse-workspace/scanner/build/freertos/libfreertos.a(tasks.o)
                                          0x8 (size before relaxing)
 .literal.pcTaskGetTaskName
                0x0000000040080870        0x8 /home/vc/eclipse-workspace/scanner/build/freertos/libfreertos.a(tasks.o)
                                         0x1c (size before relaxing)
 .literal.xTaskGetAffinity
                0x0000000040080878        0x0 /home/vc/eclipse-workspace/scanner/build/freertos/libfreertos.a(tasks.o)
                                          0x4 (size before relaxing)
 .literal.xTaskGetCurrentTaskHandleForCPU
                0x0000000040080878        0x0 /home/vc/eclipse-workspace/scanner/build/freertos/libfreertos.a(tasks.o)
                                          0x4 (size before relaxing)
 .literal.xTaskGetSchedulerState
                0x0000000040080878        0x4 /home/vc/eclipse-workspace/scanner/build/freertos/libfreertos.a(tasks.o)
                                          0xc (size before relaxing)
 .literal.vTaskEnterCritical
                0x000000004008087c        0x0 /home/vc/eclipse-workspace/scanner/build/freertos/libfreertos.a(tasks.o)
                                          0xc (size before relaxing)
 .literal.vTaskExitCritical
                0x000000004008087c        0x0 /home/vc/eclipse-workspace/scanner/build/freertos/libfreertos.a(tasks.o)
                                         0x10 (size before relaxing)
 .literal.prvAddNewTaskToReadyList
                0x000000004008087c       0x10 /home/vc/eclipse-workspace/scanner/build/freertos/libfreertos.a(tasks.o)
                                         0x5c (size before relaxing)
 .literal.xTaskCreatePinnedToCore
                0x000000004008088c        0x0 /home/vc/eclipse-workspace/scanner/build/freertos/libfreertos.a(tasks.o)
                                         0x14 (size before relaxing)
 .literal.vTaskStartScheduler
                0x000000004008088c       0x14 /home/vc/eclipse-workspace/scanner/build/freertos/libfreertos.a(tasks.o)
                                         0x38 (size before relaxing)
 .literal.vTaskDelete
                0x00000000400808a0        0x8 /home/vc/eclipse-workspace/scanner/build/freertos/libfreertos.a(tasks.o)
                                         0x5c (size before relaxing)
 .literal.prvCheckTasksWaitingTermination
                0x00000000400808a8        0x0 /home/vc/eclipse-workspace/scanner/build/freertos/libfreertos.a(tasks.o)
                                         0x24 (size before relaxing)
 .literal.prvIdleTask
                0x00000000400808a8        0x0 /home/vc/eclipse-workspace/scanner/build/freertos/libfreertos.a(tasks.o)
                                          0x8 (size before relaxing)
 .literal.xTaskGetTickCount
                0x00000000400808a8        0x4 /home/vc/eclipse-workspace/scanner/build/freertos/libfreertos.a(tasks.o)
                                         0x10 (size before relaxing)
 .literal.xTaskIncrementTick
                0x00000000400808ac        0xc /home/vc/eclipse-workspace/scanner/build/freertos/libfreertos.a(tasks.o)
                                         0x78 (size before relaxing)
 .literal.xTaskResumeAll
                0x00000000400808b8        0x8 /home/vc/eclipse-workspace/scanner/build/freertos/libfreertos.a(tasks.o)
                                         0x5c (size before relaxing)
 .literal.vTaskPlaceOnEventList
                0x00000000400808c0        0x8 /home/vc/eclipse-workspace/scanner/build/freertos/libfreertos.a(tasks.o)
                                         0x40 (size before relaxing)
 .literal.vTaskPlaceOnEventListRestricted
                0x00000000400808c8        0x8 /home/vc/eclipse-workspace/scanner/build/freertos/libfreertos.a(tasks.o)
                                         0x38 (size before relaxing)
 .literal.xTaskRemoveFromEventList
                0x00000000400808d0        0x8 /home/vc/eclipse-workspace/scanner/build/freertos/libfreertos.a(tasks.o)
                                         0x58 (size before relaxing)
 .literal.xTaskCheckForTimeOut
                0x00000000400808d8        0xc /home/vc/eclipse-workspace/scanner/build/freertos/libfreertos.a(tasks.o)
                                         0x3c (size before relaxing)
 .literal.vTaskPriorityInherit
                0x00000000400808e4        0x0 /home/vc/eclipse-workspace/scanner/build/freertos/libfreertos.a(tasks.o)
                                         0x2c (size before relaxing)
 .literal.xTaskPriorityDisinherit
                0x00000000400808e4        0x8 /home/vc/eclipse-workspace/scanner/build/freertos/libfreertos.a(tasks.o)
                                         0x40 (size before relaxing)
 .literal.pvTaskIncrementMutexHeldCount
                0x00000000400808ec        0x0 /home/vc/eclipse-workspace/scanner/build/freertos/libfreertos.a(tasks.o)
                                         0x10 (size before relaxing)
 .literal.prvGetNextExpireTime
                0x00000000400808ec        0x4 /home/vc/eclipse-workspace/scanner/build/freertos/libfreertos.a(timers.o)
 .literal.prvInsertTimerInActiveList
                0x00000000400808f0        0x4 /home/vc/eclipse-workspace/scanner/build/freertos/libfreertos.a(timers.o)
                                         0x10 (size before relaxing)
 .literal.prvCheckForValidListAndQueue
                0x00000000400808f4       0x1c /home/vc/eclipse-workspace/scanner/build/freertos/libfreertos.a(timers.o)
                                         0x44 (size before relaxing)
 .literal.xTimerCreateTimerTask
                0x0000000040080910       0x10 /home/vc/eclipse-workspace/scanner/build/freertos/libfreertos.a(timers.o)
                                         0x2c (size before relaxing)
 .literal.xTimerGenericCommand
                0x0000000040080920        0x0 /home/vc/eclipse-workspace/scanner/build/freertos/libfreertos.a(timers.o)
                                         0x14 (size before relaxing)
 .literal.prvSwitchTimerLists
                0x0000000040080920        0x4 /home/vc/eclipse-workspace/scanner/build/freertos/libfreertos.a(timers.o)
                                         0x28 (size before relaxing)
 .literal.prvSampleTimeNow
                0x0000000040080924        0x4 /home/vc/eclipse-workspace/scanner/build/freertos/libfreertos.a(timers.o)
                                          0xc (size before relaxing)
 .literal.prvProcessExpiredTimer
                0x0000000040080928        0x4 /home/vc/eclipse-workspace/scanner/build/freertos/libfreertos.a(timers.o)
                                         0x24 (size before relaxing)
 .literal.prvProcessTimerOrBlockTask
                0x000000004008092c        0x0 /home/vc/eclipse-workspace/scanner/build/freertos/libfreertos.a(timers.o)
                                         0x24 (size before relaxing)
 .literal.prvProcessReceivedCommands
                0x000000004008092c        0x8 /home/vc/eclipse-workspace/scanner/build/freertos/libfreertos.a(timers.o)
                                         0x40 (size before relaxing)
 .literal.prvTimerTask
                0x0000000040080934        0x0 /home/vc/eclipse-workspace/scanner/build/freertos/libfreertos.a(timers.o)
                                          0xc (size before relaxing)
 .literal       0x0000000040080934        0x0 /home/vc/eclipse-workspace/scanner/build/freertos/libfreertos.a(xtensa_context.o)
                                         0x10 (size before relaxing)
 .literal       0x0000000040080934       0x10 /home/vc/eclipse-workspace/scanner/build/freertos/libfreertos.a(portasm.o)
                                         0x54 (size before relaxing)
 .literal._xt_tick_divisor_init
                0x0000000040080944        0x4 /home/vc/eclipse-workspace/scanner/build/freertos/libfreertos.a(xtensa_init.o)
                                          0x8 (size before relaxing)
 .literal.returnItemToRingbufBytebuf
                0x0000000040080948        0xc /home/vc/eclipse-workspace/scanner/build/freertos/libfreertos.a(ringbuf.o)
                                         0x1c (size before relaxing)
 .literal.returnItemToRingbufDefault
                0x0000000040080954        0x4 /home/vc/eclipse-workspace/scanner/build/freertos/libfreertos.a(ringbuf.o)
                                         0x44 (size before relaxing)
 .literal.getItemFromRingbufDefault
                0x0000000040080958        0x4 /home/vc/eclipse-workspace/scanner/build/freertos/libfreertos.a(ringbuf.o)
                                         0x24 (size before relaxing)
 .literal.copyItemToRingbufNoSplit
                0x000000004008095c        0x4 /home/vc/eclipse-workspace/scanner/build/freertos/libfreertos.a(ringbuf.o)
                                         0x24 (size before relaxing)
 .literal.copyItemToRingbufByteBuf
                0x0000000040080960        0x0 /home/vc/eclipse-workspace/scanner/build/freertos/libfreertos.a(ringbuf.o)
                                          0x8 (size before relaxing)
 .literal.copyItemToRingbufAllowSplit
                0x0000000040080960        0x4 /home/vc/eclipse-workspace/scanner/build/freertos/libfreertos.a(ringbuf.o)
                                         0x34 (size before relaxing)
 .literal.xRingbufferCreate
                0x0000000040080964       0x20 /home/vc/eclipse-workspace/scanner/build/freertos/libfreertos.a(ringbuf.o)
                                         0x58 (size before relaxing)
 .literal.vRingbufferDelete
                0x0000000040080984        0x0 /home/vc/eclipse-workspace/scanner/build/freertos/libfreertos.a(ringbuf.o)
                                         0x10 (size before relaxing)
 .literal.xRingbufferSendFromISR
                0x0000000040080984        0x4 /home/vc/eclipse-workspace/scanner/build/freertos/libfreertos.a(ringbuf.o)
                                         0x24 (size before relaxing)
 .literal.xRingbufferReceiveUpToFromISR
                0x0000000040080988        0x4 /home/vc/eclipse-workspace/scanner/build/freertos/libfreertos.a(ringbuf.o)
                                         0x24 (size before relaxing)
 .literal.vRingbufferReturnItemFromISR
                0x000000004008098c        0x0 /home/vc/eclipse-workspace/scanner/build/freertos/libfreertos.a(ringbuf.o)
                                          0xc (size before relaxing)
 .literal.get_prev_free_block
                0x000000004008098c       0x14 /home/vc/eclipse-workspace/scanner/build/heap/libheap.a(multi_heap.o)
                                         0x24 (size before relaxing)
 .literal.split_if_necessary
                0x00000000400809a0       0x14 /home/vc/eclipse-workspace/scanner/build/heap/libheap.a(multi_heap.o)
                                         0x34 (size before relaxing)
 .literal.assert_valid_block
                0x00000000400809b4       0x18 /home/vc/eclipse-workspace/scanner/build/heap/libheap.a(multi_heap.o)
                                         0x2c (size before relaxing)
 .literal.merge_adjacent
                0x00000000400809cc       0x1c /home/vc/eclipse-workspace/scanner/build/heap/libheap.a(multi_heap.o)
                                         0x48 (size before relaxing)
 .literal.multi_heap_get_allocated_size
                0x00000000400809e8        0x8 /home/vc/eclipse-workspace/scanner/build/heap/libheap.a(multi_heap.o)
                                         0x14 (size before relaxing)
 .literal.multi_heap_malloc
                0x00000000400809f0        0x4 /home/vc/eclipse-workspace/scanner/build/heap/libheap.a(multi_heap.o)
                                         0x20 (size before relaxing)
 .literal.multi_heap_free
                0x00000000400809f4       0x10 /home/vc/eclipse-workspace/scanner/build/heap/libheap.a(multi_heap.o)
                                         0x50 (size before relaxing)
 .literal.multi_heap_realloc
                0x0000000040080a04        0xc /home/vc/eclipse-workspace/scanner/build/heap/libheap.a(multi_heap.o)
                                         0x64 (size before relaxing)
 .literal.panicPutChar
                0x0000000040080a10        0x4 /home/vc/eclipse-workspace/scanner/build/esp32/libesp32.a(panic.o)
                                          0x8 (size before relaxing)
 .literal.panicPutStr
                0x0000000040080a14        0x0 /home/vc/eclipse-workspace/scanner/build/esp32/libesp32.a(panic.o)
                                          0x4 (size before relaxing)
 .literal.panicPutHex
                0x0000000040080a14        0x0 /home/vc/eclipse-workspace/scanner/build/esp32/libesp32.a(panic.o)
                                          0x8 (size before relaxing)
 .literal.panicPutDec
                0x0000000040080a14        0x4 /home/vc/eclipse-workspace/scanner/build/esp32/libesp32.a(panic.o)
                                         0x10 (size before relaxing)
 .literal.reconfigureAllWdts
                0x0000000040080a18       0x10 /home/vc/eclipse-workspace/scanner/build/esp32/libesp32.a(panic.o)
                                         0x24 (size before relaxing)
 .literal.putEntry
                0x0000000040080a28       0x10 /home/vc/eclipse-workspace/scanner/build/esp32/libesp32.a(panic.o)
                                         0x20 (size before relaxing)
 .literal.doBacktrace
                0x0000000040080a38       0x10 /home/vc/eclipse-workspace/scanner/build/esp32/libesp32.a(panic.o)
                                         0x24 (size before relaxing)
 .literal.invoke_abort
                0x0000000040080a48        0x4 /home/vc/eclipse-workspace/scanner/build/esp32/libesp32.a(panic.o)
                                          0x8 (size before relaxing)
 .literal.haltOtherCore
                0x0000000040080a4c        0x0 /home/vc/eclipse-workspace/scanner/build/esp32/libesp32.a(panic.o)
                                          0x4 (size before relaxing)
 .literal.esp_panic_wdt_start
                0x0000000040080a4c       0x14 /home/vc/eclipse-workspace/scanner/build/esp32/libesp32.a(panic.o)
                                         0x2c (size before relaxing)
 .literal.esp_panic_dig_reset
                0x0000000040080a60        0x0 /home/vc/eclipse-workspace/scanner/build/esp32/libesp32.a(panic.o)
                                         0x14 (size before relaxing)
 .literal.abort
                0x0000000040080a60        0x8 /home/vc/eclipse-workspace/scanner/build/esp32/libesp32.a(panic.o)
                                         0x10 (size before relaxing)
 .literal.vApplicationStackOverflowHook
                0x0000000040080a68        0x8 /home/vc/eclipse-workspace/scanner/build/esp32/libesp32.a(panic.o)
                                         0x18 (size before relaxing)
 .literal.esp_panic_wdt_stop
                0x0000000040080a70        0x0 /home/vc/eclipse-workspace/scanner/build/esp32/libesp32.a(panic.o)
                                         0x18 (size before relaxing)
 .literal.commonErrorHandler
                0x0000000040080a70       0x18 /home/vc/eclipse-workspace/scanner/build/esp32/libesp32.a(panic.o)
                                         0x54 (size before relaxing)
 .literal.panicHandler
                0x0000000040080a88       0x34 /home/vc/eclipse-workspace/scanner/build/esp32/libesp32.a(panic.o)
                                         0x8c (size before relaxing)
 .literal.xt_unhandled_exception
                0x0000000040080abc       0x1c /home/vc/eclipse-workspace/scanner/build/esp32/libesp32.a(panic.o)
                                         0x58 (size before relaxing)
 .literal.esp_set_breakpoint_if_jtag
                0x0000000040080ad8        0x0 /home/vc/eclipse-workspace/scanner/build/esp32/libesp32.a(panic.o)
                                          0x8 (size before relaxing)
 .literal._esp_error_check_failed
                0x0000000040080ad8        0xc /home/vc/eclipse-workspace/scanner/build/esp32/libesp32.a(panic.o)
                                         0x1c (size before relaxing)
 .literal.rtc_clk_cal_internal
                0x0000000040080ae4       0x24 /home/vc/eclipse-workspace/scanner/build/soc/libsoc.a(rtc_time.o)
                                         0x3c (size before relaxing)
 .literal.rtc_clk_cal
                0x0000000040080b08        0x0 /home/vc/eclipse-workspace/scanner/build/soc/libsoc.a(rtc_time.o)
                                          0xc (size before relaxing)
 .literal.rtc_time_get
                0x0000000040080b08       0x10 /home/vc/eclipse-workspace/scanner/build/soc/libsoc.a(rtc_time.o)
                                         0x18 (size before relaxing)
 .literal.rtc_init
                0x0000000040080b18       0x98 /home/vc/eclipse-workspace/scanner/build/soc/libsoc.a(rtc_init.o)
                                        0x100 (size before relaxing)
 .literal.rtc_clk_32k_enable_internal
                0x0000000040080bb0       0x14 /home/vc/eclipse-workspace/scanner/build/soc/libsoc.a(rtc_clk.o)
 .literal.rtc_clk_32k_enable
                0x0000000040080bc4        0x0 /home/vc/eclipse-workspace/scanner/build/soc/libsoc.a(rtc_clk.o)
                                          0xc (size before relaxing)
 .literal.rtc_clk_slow_freq_set
                0x0000000040080bc4        0x0 /home/vc/eclipse-workspace/scanner/build/soc/libsoc.a(rtc_clk.o)
                                          0xc (size before relaxing)
 .literal.rtc_clk_slow_freq_get
                0x0000000040080bc4        0x0 /home/vc/eclipse-workspace/scanner/build/soc/libsoc.a(rtc_clk.o)
                                          0x4 (size before relaxing)
 .literal.rtc_clk_slow_freq_get_hz
                0x0000000040080bc4        0x0 /home/vc/eclipse-workspace/scanner/build/soc/libsoc.a(rtc_clk.o)
                                         0x10 (size before relaxing)
 .literal.rtc_clk_fast_freq_set
                0x0000000040080bc4        0x0 /home/vc/eclipse-workspace/scanner/build/soc/libsoc.a(rtc_clk.o)
                                          0xc (size before relaxing)
 .literal.rtc_clk_bbpll_set
                0x0000000040080bc4        0x4 /home/vc/eclipse-workspace/scanner/build/soc/libsoc.a(rtc_clk.o)
                                         0x30 (size before relaxing)
 .literal.rtc_clk_xtal_freq_get
                0x0000000040080bc8        0xc /home/vc/eclipse-workspace/scanner/build/soc/libsoc.a(rtc_clk.o)
                                         0x1c (size before relaxing)
 .literal.rtc_clk_apb_freq_update
                0x0000000040080bd4        0x4 /home/vc/eclipse-workspace/scanner/build/soc/libsoc.a(rtc_clk.o)
                                          0x8 (size before relaxing)
 .literal.rtc_clk_cpu_freq_set
                0x0000000040080bd8       0x1c /home/vc/eclipse-workspace/scanner/build/soc/libsoc.a(rtc_clk.o)
                                         0x94 (size before relaxing)
 .literal.rtc_clk_apb_freq_get
                0x0000000040080bf4        0x0 /home/vc/eclipse-workspace/scanner/build/soc/libsoc.a(rtc_clk.o)
                                          0x8 (size before relaxing)
 .literal       0x0000000040080bf4        0x0 /home/vc/esp/esp-idf/components/esp32/libhal.a(windowspill_asm.o)
                                          0x4 (size before relaxing)
 .literal.esp_rom_spiflash_read_status
                0x0000000040080bf4       0x10 /home/vc/eclipse-workspace/scanner/build/spi_flash/libspi_flash.a(spi_flash_rom_patch.o)
                                         0x14 (size before relaxing)
 .literal.esp_rom_spiflash_wait_idle
                0x0000000040080c04        0x8 /home/vc/eclipse-workspace/scanner/build/spi_flash/libspi_flash.a(spi_flash_rom_patch.o)
                                          0xc (size before relaxing)
 .literal.esp_rom_spiflash_erase_block_internal
                0x0000000040080c0c        0x4 /home/vc/eclipse-workspace/scanner/build/spi_flash/libspi_flash.a(spi_flash_rom_patch.o)
                                         0x18 (size before relaxing)
 .literal.esp_rom_spiflash_erase_sector_internal
                0x0000000040080c10        0x0 /home/vc/eclipse-workspace/scanner/build/spi_flash/libspi_flash.a(spi_flash_rom_patch.o)
                                         0x18 (size before relaxing)
 .literal.esp_rom_spiflash_read_data
                0x0000000040080c10       0x18 /home/vc/eclipse-workspace/scanner/build/spi_flash/libspi_flash.a(spi_flash_rom_patch.o)
                                         0x34 (size before relaxing)
 .literal.esp_rom_spiflash_enable_write
                0x0000000040080c28        0x0 /home/vc/eclipse-workspace/scanner/build/spi_flash/libspi_flash.a(spi_flash_rom_patch.o)
                                         0x10 (size before relaxing)
 .literal.esp_rom_spiflash_program_page_internal
                0x0000000040080c28        0xc /home/vc/eclipse-workspace/scanner/build/spi_flash/libspi_flash.a(spi_flash_rom_patch.o)
                                         0x40 (size before relaxing)
 .literal.esp_rom_spiflash_read_statushigh
                0x0000000040080c34        0x4 /home/vc/eclipse-workspace/scanner/build/spi_flash/libspi_flash.a(spi_flash_rom_patch.o)
                                          0xc (size before relaxing)
 .literal.esp_rom_spiflash_write_status
                0x0000000040080c38        0x4 /home/vc/eclipse-workspace/scanner/build/spi_flash/libspi_flash.a(spi_flash_rom_patch.o)
                                         0x14 (size before relaxing)
 .literal.esp_rom_spiflash_unlock
                0x0000000040080c3c        0x8 /home/vc/eclipse-workspace/scanner/build/spi_flash/libspi_flash.a(spi_flash_rom_patch.o)
                                         0x28 (size before relaxing)
 .literal.esp_rom_spiflash_erase_block
                0x0000000040080c44        0xc /home/vc/eclipse-workspace/scanner/build/spi_flash/libspi_flash.a(spi_flash_rom_patch.o)
                                         0x20 (size before relaxing)
 .literal.esp_rom_spiflash_erase_sector
                0x0000000040080c50        0x0 /home/vc/eclipse-workspace/scanner/build/spi_flash/libspi_flash.a(spi_flash_rom_patch.o)
                                         0x20 (size before relaxing)
 .literal.esp_rom_spiflash_write
                0x0000000040080c50        0x0 /home/vc/eclipse-workspace/scanner/build/spi_flash/libspi_flash.a(spi_flash_rom_patch.o)
                                         0x28 (size before relaxing)
 .literal.esp_rom_spiflash_write_encrypted
                0x0000000040080c50        0xc /home/vc/eclipse-workspace/scanner/build/spi_flash/libspi_flash.a(spi_flash_rom_patch.o)
                                         0x10 (size before relaxing)
 .literal.esp_rom_spiflash_read
                0x0000000040080c5c       0x30 /home/vc/eclipse-workspace/scanner/build/spi_flash/libspi_flash.a(spi_flash_rom_patch.o)
                                         0x5c (size before relaxing)
 .iram1         0x0000000040080c8c      0x149 /home/vc/eclipse-workspace/scanner/build/esp32/libesp32.a(system_api.o)
                                        0x160 (size before relaxing)
                0x0000000040080c8c                esp_restart_noos
                0x0000000040080dcc                esp_restart
                0x0000000040080dcc                system_restart
 *fill*         0x0000000040080dd5        0x3 
 .iram1         0x0000000040080dd8      0x2bc /home/vc/eclipse-workspace/scanner/build/esp32/libesp32.a(cpu_start.o)
                                        0x334 (size before relaxing)
                0x0000000040080dd8                start_cpu0
                0x0000000040080dd8                start_cpu0_default
                0x0000000040080e80                start_cpu1_default
                0x0000000040080e80                start_cpu1
                0x0000000040080f34                call_start_cpu0
 .iram1         0x0000000040081094       0x2c /home/vc/eclipse-workspace/scanner/build/esp32/libesp32.a(cache_err_int.o)
                0x0000000040081094                esp_cache_err_get_cpuid
 .iram1         0x00000000400810c0       0x7f /home/vc/eclipse-workspace/scanner/build/esp32/libesp32.a(ipc.o)
                                         0x8b (size before relaxing)
 *fill*         0x000000004008113f        0x1 
 .iram1         0x0000000040081140       0x53 /home/vc/eclipse-workspace/scanner/build/esp32/libesp32.a(int_wdt.o)
 *fill*         0x0000000040081193        0x1 
 .iram1         0x0000000040081194      0x125 /home/vc/eclipse-workspace/scanner/build/esp32/libesp32.a(dport_access.o)
                                        0x131 (size before relaxing)
                0x0000000040081194                esp_dport_access_stall_other_cpu_start
                0x0000000040081234                esp_dport_access_stall_other_cpu_end
                0x00000000400812ac                esp_dport_access_stall_other_cpu_start_wrap
                0x00000000400812b4                esp_dport_access_stall_other_cpu_end_wrap
 *fill*         0x00000000400812b9        0x3 
 .iram1         0x00000000400812bc       0x98 /home/vc/eclipse-workspace/scanner/build/esp32/libesp32.a(crosscore_int.o)
                                         0xa8 (size before relaxing)
                0x0000000040081300                esp_crosscore_int_send_yield
 .iram1         0x0000000040081354        0xf /home/vc/eclipse-workspace/scanner/build/esp32/libesp32.a(clk.o)
                0x0000000040081354                ets_update_cpu_frequency
 *fill*         0x0000000040081363        0x1 
 .iram1         0x0000000040081364       0x1c /home/vc/eclipse-workspace/scanner/build/esp32/libesp32.a(freertos_hooks.o)
                0x0000000040081364                esp_vApplicationTickHook
 .iram1         0x0000000040081380      0x1f6 /home/vc/eclipse-workspace/scanner/build/esp32/libesp32.a(intr_alloc.o)
                                        0x20a (size before relaxing)
                0x00000000400813bc                esp_intr_enable
                0x0000000040081444                esp_intr_disable
                0x00000000400814d4                esp_intr_noniram_disable
                0x0000000040081520                esp_intr_noniram_enable
                0x0000000040081560                ets_isr_unmask
                0x000000004008156c                ets_isr_mask
 *fill*         0x0000000040081576        0x2 
 .iram1         0x0000000040081578      0x56e /home/vc/eclipse-workspace/scanner/build/freertos/libfreertos.a(xtensa_vectors.o)
                0x0000000040081578                _xt_panic
                0x0000000040081690                _xt_user_exit
                0x0000000040081960                _xt_medint2_exit
                0x00000000400819ec                _xt_medint3_exit
 *fill*         0x0000000040081ae6        0x2 
 .iram1         0x0000000040081ae8      0x231 /home/vc/eclipse-workspace/scanner/build/heap/libheap.a(heap_caps.o)
                                        0x249 (size before relaxing)
                0x0000000040081b80                heap_caps_malloc
                0x0000000040081c38                heap_caps_free
                0x0000000040081c70                heap_caps_realloc
 *fill*         0x0000000040081d19        0x3 
 .iram1         0x0000000040081d1c      0x17a /home/vc/eclipse-workspace/scanner/build/log/liblog.a(log.o)
                                        0x186 (size before relaxing)
                0x0000000040081d1c                esp_log_write
                0x0000000040081e4c                esp_log_early_timestamp
                0x0000000040081e60                esp_log_timestamp
 *fill*         0x0000000040081e96        0x2 
 .iram1         0x0000000040081e98       0xb4 /home/vc/eclipse-workspace/scanner/build/newlib/libnewlib.a(time.o)
                                         0xbc (size before relaxing)
                0x0000000040081ee0                _gettimeofday_r
                0x0000000040081f24                _times_r
 .iram1         0x0000000040081f4c       0x3c /home/vc/eclipse-workspace/scanner/build/newlib/libnewlib.a(reent_init.o)
                0x0000000040081f4c                esp_reent_init
 .iram1         0x0000000040081f88       0x50 /home/vc/eclipse-workspace/scanner/build/newlib/libnewlib.a(syscalls.o)
                                         0x58 (size before relaxing)
                0x0000000040081f88                _malloc_r
                0x0000000040081f9c                _free_r
                0x0000000040081fa8                _realloc_r
                0x0000000040081fb8                _calloc_r
 .iram1         0x0000000040081fd8      0x1cc /home/vc/eclipse-workspace/scanner/build/newlib/libnewlib.a(locks.o)
                                        0x210 (size before relaxing)
                0x00000000400820f0                _lock_init
                0x0000000040082100                _lock_init_recursive
                0x0000000040082110                _lock_close
                0x000000004008214c                _lock_acquire
                0x000000004008215c                _lock_acquire_recursive
                0x000000004008216c                _lock_try_acquire
                0x000000004008217c                _lock_try_acquire_recursive
                0x000000004008218c                _lock_release
                0x0000000040082198                _lock_release_recursive
 .iram1         0x00000000400821a4       0xf6 /home/vc/eclipse-workspace/scanner/build/soc/libsoc.a(cpu_util.o)
                0x00000000400821a4                esp_cpu_stall
                0x0000000040082238                esp_cpu_unstall
                0x000000004008228c                esp_cpu_in_ocd_debug_mode
 *fill*         0x000000004008229a        0x2 
 .iram1         0x000000004008229c      0x330 /home/vc/eclipse-workspace/scanner/build/spi_flash/libspi_flash.a(cache_utils.o)
                                        0x398 (size before relaxing)
                0x00000000400823ac                spi_flash_op_block_func
                0x00000000400823fc                spi_flash_disable_interrupts_caches_and_other_cpu
                0x00000000400824c0                spi_flash_enable_interrupts_caches_and_other_cpu
                0x0000000040082550                spi_flash_disable_interrupts_caches_and_other_cpu_no_os
                0x000000004008257c                spi_flash_enable_interrupts_caches_no_os
                0x0000000040082598                spi_flash_cache_enabled
 .iram1         0x00000000400825cc      0x579 /home/vc/eclipse-workspace/scanner/build/spi_flash/libspi_flash.a(flash_ops.o)
                                        0x59d (size before relaxing)
                0x000000004008262c                spi_flash_guard_set
                0x0000000040082638                spi_flash_get_chip_size
                0x0000000040082644                spi_flash_erase_range
                0x00000000400826e8                spi_flash_erase_sector
                0x00000000400826f8                spi_flash_write
                0x0000000040082880                spi_flash_read
                0x0000000040082a04                spi_flash_read_encrypted
                0x0000000040082a50                spi_flash_write_encrypted
 *fill*         0x0000000040082b45        0x3 
 .iram1         0x0000000040082b48      0x3b6 /home/vc/eclipse-workspace/scanner/build/spi_flash/libspi_flash.a(flash_mmap.o)
                                        0x3d2 (size before relaxing)
                0x0000000040082c40                spi_flash_mmap
                0x0000000040082e10                spi_flash_munmap
                0x0000000040082eb4                spi_flash_mark_modified_region
 *fill*         0x0000000040082efe        0x2 
 .iram1         0x0000000040082f00      0x18d /home/vc/eclipse-workspace/scanner/build/vfs/libvfs.a(vfs_uart.o)
                                        0x1a9 (size before relaxing)
 *fill*         0x000000004008308d        0x3 
 .iram1         0x0000000040083090      0x3e6 /home/vc/eclipse-workspace/scanner/build/driver/libdriver.a(i2c.o)
                                        0x3ee (size before relaxing)
 *fill*         0x0000000040083476        0x0 
 *fill*         0x0000000040083476        0x0 
 *fill*         0x0000000040083476        0x0 
 *fill*         0x0000000040083476        0x0 
 *fill*         0x0000000040083476        0x0 
 *fill*         0x0000000040083476        0x0 
 *fill*         0x0000000040083476        0x0 
 *fill*         0x0000000040083476        0x0 
 *fill*         0x0000000040083476        0x0 
 *fill*         0x0000000040083476        0x0 
 *fill*         0x0000000040083476        0x0 
 *fill*         0x0000000040083476        0x0 
 *libfreertos.a:(.literal .text .literal.* .text.*)
 *fill*         0x0000000040083476        0x2 
 .text.xt_unhandled_interrupt
                0x0000000040083478       0x16 /home/vc/eclipse-workspace/scanner/build/freertos/libfreertos.a(xtensa_intr.o)
                0x0000000040083478                xt_unhandled_interrupt
 *fill*         0x000000004008348e        0x2 
 .text.xt_set_interrupt_handler
                0x0000000040083490       0x4a /home/vc/eclipse-workspace/scanner/build/freertos/libfreertos.a(xtensa_intr.o)
                0x0000000040083490                xt_set_interrupt_handler
 *fill*         0x00000000400834da        0x2 
 .text.prvIsQueueFull
                0x00000000400834dc       0x2a /home/vc/eclipse-workspace/scanner/build/freertos/libfreertos.a(queue.o)
 *fill*         0x0000000040083506        0x2 
 .text.prvCopyDataToQueue
                0x0000000040083508       0x9e /home/vc/eclipse-workspace/scanner/build/freertos/libfreertos.a(queue.o)
 *fill*         0x00000000400835a6        0x2 
 .text.prvNotifyQueueSetContainer
                0x00000000400835a8       0x6a /home/vc/eclipse-workspace/scanner/build/freertos/libfreertos.a(queue.o)
                                         0x76 (size before relaxing)
 *fill*         0x0000000040083612        0x2 
 .text.prvCopyDataFromQueue
                0x0000000040083614       0x24 /home/vc/eclipse-workspace/scanner/build/freertos/libfreertos.a(queue.o)
 .text.xQueueGenericReset
                0x0000000040083638       0x86 /home/vc/eclipse-workspace/scanner/build/freertos/libfreertos.a(queue.o)
                                         0x96 (size before relaxing)
                0x0000000040083638                xQueueGenericReset
 *fill*         0x00000000400836be        0x2 
 .text.prvInitialiseNewQueue
                0x00000000400836c0       0x1f /home/vc/eclipse-workspace/scanner/build/freertos/libfreertos.a(queue.o)
                                         0x23 (size before relaxing)
 *fill*         0x00000000400836df        0x1 
 .text.xQueueGenericCreate
                0x00000000400836e0       0x45 /home/vc/eclipse-workspace/scanner/build/freertos/libfreertos.a(queue.o)
                                         0x4d (size before relaxing)
                0x00000000400836e0                xQueueGenericCreate
 *fill*         0x0000000040083725        0x3 
 .text.xQueueGetMutexHolder
                0x0000000040083728       0x23 /home/vc/eclipse-workspace/scanner/build/freertos/libfreertos.a(queue.o)
                0x0000000040083728                xQueueGetMutexHolder
 *fill*         0x000000004008374b        0x1 
 .text.xQueueGenericSend
                0x000000004008374c      0x158 /home/vc/eclipse-workspace/scanner/build/freertos/libfreertos.a(queue.o)
                                        0x18c (size before relaxing)
                0x000000004008374c                xQueueGenericSend
 .text.prvInitialiseMutex
                0x00000000400838a4       0x22 /home/vc/eclipse-workspace/scanner/build/freertos/libfreertos.a(queue.o)
                                         0x26 (size before relaxing)
 *fill*         0x00000000400838c6        0x2 
 .text.xQueueCreateMutex
                0x00000000400838c8       0x16 /home/vc/eclipse-workspace/scanner/build/freertos/libfreertos.a(queue.o)
                                         0x1a (size before relaxing)
                0x00000000400838c8                xQueueCreateMutex
 *fill*         0x00000000400838de        0x2 
 .text.xQueueGiveMutexRecursive
                0x00000000400838e0       0x48 /home/vc/eclipse-workspace/scanner/build/freertos/libfreertos.a(queue.o)
                                         0x4c (size before relaxing)
                0x00000000400838e0                xQueueGiveMutexRecursive
 .text.xQueueGenericSendFromISR
                0x0000000040083928       0xd6 /home/vc/eclipse-workspace/scanner/build/freertos/libfreertos.a(queue.o)
                                         0xe6 (size before relaxing)
                0x0000000040083928                xQueueGenericSendFromISR
 *fill*         0x00000000400839fe        0x2 
 .text.xQueueGiveFromISR
                0x0000000040083a00       0xb6 /home/vc/eclipse-workspace/scanner/build/freertos/libfreertos.a(queue.o)
                                         0xc2 (size before relaxing)
                0x0000000040083a00                xQueueGiveFromISR
 *fill*         0x0000000040083ab6        0x2 
 .text.xQueueGenericReceive
                0x0000000040083ab8      0x144 /home/vc/eclipse-workspace/scanner/build/freertos/libfreertos.a(queue.o)
                                        0x178 (size before relaxing)
                0x0000000040083ab8                xQueueGenericReceive
 .text.xQueueTakeMutexRecursive
                0x0000000040083bfc       0x51 /home/vc/eclipse-workspace/scanner/build/freertos/libfreertos.a(queue.o)
                0x0000000040083bfc                xQueueTakeMutexRecursive
 *fill*         0x0000000040083c4d        0x3 
 .text.xQueueReceiveFromISR
                0x0000000040083c50       0x96 /home/vc/eclipse-workspace/scanner/build/freertos/libfreertos.a(queue.o)
                                         0xa6 (size before relaxing)
                0x0000000040083c50                xQueueReceiveFromISR
 *fill*         0x0000000040083ce6        0x2 
 .text.vQueueDelete
                0x0000000040083ce8       0x25 /home/vc/eclipse-workspace/scanner/build/freertos/libfreertos.a(queue.o)
                                         0x28 (size before relaxing)
                0x0000000040083ce8                vQueueDelete
 *fill*         0x0000000040083d0d        0x3 
 .text.vQueueWaitForMessageRestricted
                0x0000000040083d10       0x23 /home/vc/eclipse-workspace/scanner/build/freertos/libfreertos.a(queue.o)
                                         0x2a (size before relaxing)
                0x0000000040083d10                vQueueWaitForMessageRestricted
 *fill*         0x0000000040083d33        0x1 
 .text.pxPortInitialiseStack
                0x0000000040083d34       0x50 /home/vc/eclipse-workspace/scanner/build/freertos/libfreertos.a(port.o)
                0x0000000040083d34                pxPortInitialiseStack
 .text.xPortStartScheduler
                0x0000000040083d84       0x22 /home/vc/eclipse-workspace/scanner/build/freertos/libfreertos.a(port.o)
                                         0x2e (size before relaxing)
                0x0000000040083d84                xPortStartScheduler
 *fill*         0x0000000040083da6        0x2 
 .text.xPortSysTickHandler
                0x0000000040083da8       0x10 /home/vc/eclipse-workspace/scanner/build/freertos/libfreertos.a(port.o)
                                         0x16 (size before relaxing)
                0x0000000040083da8                xPortSysTickHandler
 *fill*         0x0000000040083db8        0x0 
 .text.vPortYieldOtherCore
                0x0000000040083db8        0xa /home/vc/eclipse-workspace/scanner/build/freertos/libfreertos.a(port.o)
                                          0xe (size before relaxing)
                0x0000000040083db8                vPortYieldOtherCore
 *fill*         0x0000000040083dc2        0x2 
 .text.vPortReleaseTaskMPUSettings
                0x0000000040083dc4        0xa /home/vc/eclipse-workspace/scanner/build/freertos/libfreertos.a(port.o)
                                          0xe (size before relaxing)
                0x0000000040083dc4                vPortReleaseTaskMPUSettings
 *fill*         0x0000000040083dce        0x2 
 .text.xPortInIsrContext
                0x0000000040083dd0       0x26 /home/vc/eclipse-workspace/scanner/build/freertos/libfreertos.a(port.o)
                0x0000000040083dd0                xPortInIsrContext
 *fill*         0x0000000040083df6        0x2 
 .text.vPortCPUInitializeMutex
                0x0000000040083df8        0xd /home/vc/eclipse-workspace/scanner/build/freertos/libfreertos.a(port.o)
                0x0000000040083df8                vPortCPUInitializeMutex
 *fill*         0x0000000040083e05        0x3 
 .text.vPortCPUAcquireMutex
                0x0000000040083e08       0x62 /home/vc/eclipse-workspace/scanner/build/freertos/libfreertos.a(port.o)
                0x0000000040083e08                vPortCPUAcquireMutex
 *fill*         0x0000000040083e6a        0x2 
 .text.vPortCPUReleaseMutex
                0x0000000040083e6c       0x63 /home/vc/eclipse-workspace/scanner/build/freertos/libfreertos.a(port.o)
                0x0000000040083e6c                vPortCPUReleaseMutex
 *fill*         0x0000000040083ecf        0x1 
 .text.vPortFirstTaskHook
                0x0000000040083ed0        0xa /home/vc/eclipse-workspace/scanner/build/freertos/libfreertos.a(port.o)
                                          0xe (size before relaxing)
                0x0000000040083ed0                vPortFirstTaskHook
 *fill*         0x0000000040083eda        0x2 
 .text.pvPortMalloc
                0x0000000040083edc       0x11 /home/vc/eclipse-workspace/scanner/build/freertos/libfreertos.a(port.o)
                0x0000000040083edc                pvPortMalloc
 *fill*         0x0000000040083eed        0x3 
 .text.vPortFree
                0x0000000040083ef0        0xa /home/vc/eclipse-workspace/scanner/build/freertos/libfreertos.a(port.o)
                                          0xe (size before relaxing)
                0x0000000040083ef0                vPortFree
 *fill*         0x0000000040083efa        0x2 
 .text.prvResetNextTaskUnblockTime
                0x0000000040083efc       0x34 /home/vc/eclipse-workspace/scanner/build/freertos/libfreertos.a(tasks.o)
 .text.prvInitialiseNewTask
                0x0000000040083f30       0xc6 /home/vc/eclipse-workspace/scanner/build/freertos/libfreertos.a(tasks.o)
                                         0xd2 (size before relaxing)
 *fill*         0x0000000040083ff6        0x2 
 .text.prvInitialiseTaskLists
                0x0000000040083ff8       0x5a /home/vc/eclipse-workspace/scanner/build/freertos/libfreertos.a(tasks.o)
                                         0x6e (size before relaxing)
 *fill*         0x0000000040084052        0x2 
 .text.prvAddCurrentTaskToDelayedList
                0x0000000040084054       0x66 /home/vc/eclipse-workspace/scanner/build/freertos/libfreertos.a(tasks.o)
                                         0x6a (size before relaxing)
 *fill*         0x00000000400840ba        0x2 
 .text.prvDeleteTCB
                0x00000000400840bc       0x4a /home/vc/eclipse-workspace/scanner/build/freertos/libfreertos.a(tasks.o)
                                         0x5d (size before relaxing)
 *fill*         0x0000000040084106        0x2 
 .text.taskYIELD_OTHER_CORE
                0x0000000040084108       0x53 /home/vc/eclipse-workspace/scanner/build/freertos/libfreertos.a(tasks.o)
                0x0000000040084108                taskYIELD_OTHER_CORE
 *fill*         0x000000004008415b        0x1 
 .text.vTaskSuspendAll
                0x000000004008415c       0x26 /home/vc/eclipse-workspace/scanner/build/freertos/libfreertos.a(tasks.o)
                0x000000004008415c                vTaskSuspendAll
 *fill*         0x0000000040084182        0x2 
 .text.vTaskSwitchContext
                0x0000000040084184      0x2a2 /home/vc/eclipse-workspace/scanner/build/freertos/libfreertos.a(tasks.o)
                                        0x2ae (size before relaxing)
                0x0000000040084184                vTaskSwitchContext
 *fill*         0x0000000040084426        0x2 
 .text.vTaskSetTimeOutState
                0x0000000040084428       0x34 /home/vc/eclipse-workspace/scanner/build/freertos/libfreertos.a(tasks.o)
                0x0000000040084428                vTaskSetTimeOutState
 .text.xTaskGetCurrentTaskHandle
                0x000000004008445c       0x1f /home/vc/eclipse-workspace/scanner/build/freertos/libfreertos.a(tasks.o)
                0x000000004008445c                xTaskGetCurrentTaskHandle
 *fill*         0x000000004008447b        0x1 
 .text.__getreent
                0x000000004008447c       0x19 /home/vc/eclipse-workspace/scanner/build/freertos/libfreertos.a(tasks.o)
                0x000000004008447c                __getreent
 *fill*         0x0000000040084495        0x3 
 .text.pcTaskGetTaskName
                0x0000000040084498       0x2a /home/vc/eclipse-workspace/scanner/build/freertos/libfreertos.a(tasks.o)
                                         0x2d (size before relaxing)
                0x0000000040084498                pcTaskGetTaskName
 *fill*         0x00000000400844c2        0x2 
 .text.xTaskGetAffinity
                0x00000000400844c4       0x10 /home/vc/eclipse-workspace/scanner/build/freertos/libfreertos.a(tasks.o)
                                         0x13 (size before relaxing)
                0x00000000400844c4                xTaskGetAffinity
 *fill*         0x00000000400844d4        0x0 
 .text.xTaskGetCurrentTaskHandleForCPU
                0x00000000400844d4       0x18 /home/vc/eclipse-workspace/scanner/build/freertos/libfreertos.a(tasks.o)
                0x00000000400844d4                xTaskGetCurrentTaskHandleForCPU
 .text.xTaskGetSchedulerState
                0x00000000400844ec       0x37 /home/vc/eclipse-workspace/scanner/build/freertos/libfreertos.a(tasks.o)
                0x00000000400844ec                xTaskGetSchedulerState
 *fill*         0x0000000040084523        0x1 
 .text.vTaskEnterCritical
                0x0000000040084524       0x72 /home/vc/eclipse-workspace/scanner/build/freertos/libfreertos.a(tasks.o)
                                         0x76 (size before relaxing)
                0x0000000040084524                vTaskEnterCritical
 *fill*         0x0000000040084596        0x2 
 .text.vTaskExitCritical
                0x0000000040084598       0x6e /home/vc/eclipse-workspace/scanner/build/freertos/libfreertos.a(tasks.o)
                                         0x72 (size before relaxing)
                0x0000000040084598                vTaskExitCritical
 *fill*         0x0000000040084606        0x2 
 .text.prvAddNewTaskToReadyList
                0x0000000040084608      0x174 /home/vc/eclipse-workspace/scanner/build/freertos/libfreertos.a(tasks.o)
                                        0x187 (size before relaxing)
 *fill*         0x000000004008477c        0x0 
 .text.xTaskCreatePinnedToCore
                0x000000004008477c       0x65 /home/vc/eclipse-workspace/scanner/build/freertos/libfreertos.a(tasks.o)
                                         0x71 (size before relaxing)
                0x000000004008477c                xTaskCreatePinnedToCore
 *fill*         0x00000000400847e1        0x3 
 .text.vTaskStartScheduler
                0x00000000400847e4       0x67 /home/vc/eclipse-workspace/scanner/build/freertos/libfreertos.a(tasks.o)
                                         0x72 (size before relaxing)
                0x00000000400847e4                vTaskStartScheduler
 *fill*         0x000000004008484b        0x1 
 .text.vTaskDelete
                0x000000004008484c       0xe0 /home/vc/eclipse-workspace/scanner/build/freertos/libfreertos.a(tasks.o)
                                        0x100 (size before relaxing)
                0x000000004008484c                vTaskDelete
 .text.prvCheckTasksWaitingTermination
                0x000000004008492c       0x90 /home/vc/eclipse-workspace/scanner/build/freertos/libfreertos.a(tasks.o)
                                         0x97 (size before relaxing)
 *fill*         0x00000000400849bc        0x0 
 .text.prvIdleTask
                0x00000000400849bc        0xc /home/vc/eclipse-workspace/scanner/build/freertos/libfreertos.a(tasks.o)
                                         0x12 (size before relaxing)
 *fill*         0x00000000400849c8        0x0 
 .text.xTaskGetTickCount
                0x00000000400849c8       0x1c /home/vc/eclipse-workspace/scanner/build/freertos/libfreertos.a(tasks.o)
                                         0x20 (size before relaxing)
                0x00000000400849c8                xTaskGetTickCount
 .text.xTaskIncrementTick
                0x00000000400849e4      0x1b2 /home/vc/eclipse-workspace/scanner/build/freertos/libfreertos.a(tasks.o)
                                        0x1ce (size before relaxing)
                0x00000000400849e4                xTaskIncrementTick
 *fill*         0x0000000040084b96        0x2 
 .text.xTaskResumeAll
                0x0000000040084b98      0x17f /home/vc/eclipse-workspace/scanner/build/freertos/libfreertos.a(tasks.o)
                                        0x192 (size before relaxing)
                0x0000000040084b98                xTaskResumeAll
 *fill*         0x0000000040084d17        0x1 
 .text.vTaskPlaceOnEventList
                0x0000000040084d18       0x8f /home/vc/eclipse-workspace/scanner/build/freertos/libfreertos.a(tasks.o)
                                         0xa3 (size before relaxing)
                0x0000000040084d18                vTaskPlaceOnEventList
 *fill*         0x0000000040084da7        0x1 
 .text.vTaskPlaceOnEventListRestricted
                0x0000000040084da8       0x6b /home/vc/eclipse-workspace/scanner/build/freertos/libfreertos.a(tasks.o)
                                         0x7f (size before relaxing)
                0x0000000040084da8                vTaskPlaceOnEventListRestricted
 *fill*         0x0000000040084e13        0x1 
 .text.xTaskRemoveFromEventList
                0x0000000040084e14      0x104 /home/vc/eclipse-workspace/scanner/build/freertos/libfreertos.a(tasks.o)
                                        0x113 (size before relaxing)
                0x0000000040084e14                xTaskRemoveFromEventList
 *fill*         0x0000000040084f18        0x0 
 .text.xTaskCheckForTimeOut
                0x0000000040084f18       0x8b /home/vc/eclipse-workspace/scanner/build/freertos/libfreertos.a(tasks.o)
                                         0x96 (size before relaxing)
                0x0000000040084f18                xTaskCheckForTimeOut
 *fill*         0x0000000040084fa3        0x1 
 .text.vTaskPriorityInherit
                0x0000000040084fa4       0xc4 /home/vc/eclipse-workspace/scanner/build/freertos/libfreertos.a(tasks.o)
                                         0xdb (size before relaxing)
                0x0000000040084fa4                vTaskPriorityInherit
 *fill*         0x0000000040085068        0x0 
 .text.xTaskPriorityDisinherit
                0x0000000040085068       0x97 /home/vc/eclipse-workspace/scanner/build/freertos/libfreertos.a(tasks.o)
                                         0xaa (size before relaxing)
                0x0000000040085068                xTaskPriorityDisinherit
 *fill*         0x00000000400850ff        0x1 
 .text.pvTaskIncrementMutexHeldCount
                0x0000000040085100       0x50 /home/vc/eclipse-workspace/scanner/build/freertos/libfreertos.a(tasks.o)
                                         0x54 (size before relaxing)
                0x0000000040085100                pvTaskIncrementMutexHeldCount
 .text.prvGetNextExpireTime
                0x0000000040085150       0x20 /home/vc/eclipse-workspace/scanner/build/freertos/libfreertos.a(timers.o)
 .text.prvInsertTimerInActiveList
                0x0000000040085170       0x50 /home/vc/eclipse-workspace/scanner/build/freertos/libfreertos.a(timers.o)
                                         0x54 (size before relaxing)
 .text.prvCheckForValidListAndQueue
                0x00000000400851c0       0x66 /home/vc/eclipse-workspace/scanner/build/freertos/libfreertos.a(timers.o)
                                         0x7e (size before relaxing)
 *fill*         0x0000000040085226        0x2 
 .text.xTimerCreateTimerTask
                0x0000000040085228       0x48 /home/vc/eclipse-workspace/scanner/build/freertos/libfreertos.a(timers.o)
                                         0x4c (size before relaxing)
                0x0000000040085228                xTimerCreateTimerTask
 .text.xTimerGenericCommand
                0x0000000040085270       0x55 /home/vc/eclipse-workspace/scanner/build/freertos/libfreertos.a(timers.o)
                                         0x5d (size before relaxing)
                0x0000000040085270                xTimerGenericCommand
 *fill*         0x00000000400852c5        0x3 
 .text.prvSwitchTimerLists
                0x00000000400852c8       0x76 /home/vc/eclipse-workspace/scanner/build/freertos/libfreertos.a(timers.o)
                                         0x82 (size before relaxing)
 *fill*         0x000000004008533e        0x2 
 .text.prvSampleTimeNow
                0x0000000040085340       0x2b /home/vc/eclipse-workspace/scanner/build/freertos/libfreertos.a(timers.o)
                                         0x2f (size before relaxing)
 *fill*         0x000000004008536b        0x1 
 .text.prvProcessExpiredTimer
                0x000000004008536c       0x53 /home/vc/eclipse-workspace/scanner/build/freertos/libfreertos.a(timers.o)
                                         0x5f (size before relaxing)
 *fill*         0x00000000400853bf        0x1 
 .text.prvProcessTimerOrBlockTask
                0x00000000400853c0       0x58 /home/vc/eclipse-workspace/scanner/build/freertos/libfreertos.a(timers.o)
                                         0x6c (size before relaxing)
 .text.prvProcessReceivedCommands
                0x0000000040085418       0xd2 /home/vc/eclipse-workspace/scanner/build/freertos/libfreertos.a(timers.o)
                                         0xe6 (size before relaxing)
 *fill*         0x00000000400854ea        0x2 
 .text.prvTimerTask
                0x00000000400854ec       0x15 /home/vc/eclipse-workspace/scanner/build/freertos/libfreertos.a(timers.o)
                                         0x1d (size before relaxing)
 *fill*         0x0000000040085501        0x3 
 .text          0x0000000040085504      0x12b /home/vc/eclipse-workspace/scanner/build/freertos/libfreertos.a(xtensa_context.o)
                0x0000000040085504                _xt_context_save
                0x000000004008556c                _xt_context_restore
                0x00000000400855b0                _xt_coproc_init
                0x00000000400855c4                _xt_coproc_release
                0x00000000400855f0                _xt_coproc_savecs
                0x0000000040085610                _xt_coproc_restorecs
 *fill*         0x000000004008562f        0x1 
 .text          0x0000000040085630      0x1cc /home/vc/eclipse-workspace/scanner/build/freertos/libfreertos.a(portasm.o)
                0x0000000040085630                _frxt_setup_switch
                0x0000000040085648                _frxt_int_enter
                0x0000000040085690                _frxt_int_exit
                0x00000000400856e0                _frxt_timer_int
                0x0000000040085704                _frxt_tick_timer_init
                0x000000004008571c                _frxt_dispatch
                0x0000000040085764                vPortYield
                0x00000000400857b0                vPortYieldFromInt
                0x00000000400857d0                _frxt_task_coproc_state
 .text._xt_tick_divisor_init
                0x00000000400857fc        0xd /home/vc/eclipse-workspace/scanner/build/freertos/libfreertos.a(xtensa_init.o)
                0x00000000400857fc                _xt_tick_divisor_init
 *fill*         0x0000000040085809        0x3 
 .text.returnItemToRingbufBytebuf
                0x000000004008580c       0x41 /home/vc/eclipse-workspace/scanner/build/freertos/libfreertos.a(ringbuf.o)
                                         0x45 (size before relaxing)
 *fill*         0x000000004008584d        0x3 
 .text.returnItemToRingbufDefault
                0x0000000040085850      0x11e /home/vc/eclipse-workspace/scanner/build/freertos/libfreertos.a(ringbuf.o)
                                        0x12e (size before relaxing)
 *fill*         0x000000004008596e        0x2 
 .text.getItemFromRingbufDefault
                0x0000000040085970       0xa1 /home/vc/eclipse-workspace/scanner/build/freertos/libfreertos.a(ringbuf.o)
                                         0xa5 (size before relaxing)
 *fill*         0x0000000040085a11        0x3 
 .text.copyItemToRingbufNoSplit
                0x0000000040085a14       0xac /home/vc/eclipse-workspace/scanner/build/freertos/libfreertos.a(ringbuf.o)
                                         0xb0 (size before relaxing)
 .text.copyItemToRingbufByteBuf
                0x0000000040085ac0       0x46 /home/vc/eclipse-workspace/scanner/build/freertos/libfreertos.a(ringbuf.o)
 *fill*         0x0000000040085b06        0x2 
 .text.copyItemToRingbufAllowSplit
                0x0000000040085b08       0xfc /home/vc/eclipse-workspace/scanner/build/freertos/libfreertos.a(ringbuf.o)
                                        0x108 (size before relaxing)
 .text.xRingbufferCreate
                0x0000000040085c04       0xfd /home/vc/eclipse-workspace/scanner/build/freertos/libfreertos.a(ringbuf.o)
                                        0x10c (size before relaxing)
                0x0000000040085c04                xRingbufferCreate
 *fill*         0x0000000040085d01        0x3 
 .text.vRingbufferDelete
                0x0000000040085d04       0x28 /home/vc/eclipse-workspace/scanner/build/freertos/libfreertos.a(ringbuf.o)
                                         0x2c (size before relaxing)
                0x0000000040085d04                vRingbufferDelete
 .text.xRingbufferSendFromISR
                0x0000000040085d2c       0x5a /home/vc/eclipse-workspace/scanner/build/freertos/libfreertos.a(ringbuf.o)
                                         0x62 (size before relaxing)
                0x0000000040085d2c                xRingbufferSendFromISR
 *fill*         0x0000000040085d86        0x2 
 .text.xRingbufferReceiveUpToFromISR
                0x0000000040085d88       0x60 /home/vc/eclipse-workspace/scanner/build/freertos/libfreertos.a(ringbuf.o)
                                         0x64 (size before relaxing)
                0x0000000040085d88                xRingbufferReceiveUpToFromISR
 .text.vRingbufferReturnItemFromISR
                0x0000000040085de8       0x24 /home/vc/eclipse-workspace/scanner/build/freertos/libfreertos.a(ringbuf.o)
                                         0x2c (size before relaxing)
                0x0000000040085de8                vRingbufferReturnItemFromISR
 *fill*         0x0000000040085e0c        0x0 
 *fill*         0x0000000040085e0c        0x0 
 *fill*         0x0000000040085e0c        0x0 
 .text.prvIsQueueEmpty
                0x0000000040085e0c       0x12 /home/vc/eclipse-workspace/scanner/build/freertos/libfreertos.a(queue.o)
 *fill*         0x0000000040085e1e        0x0 
 *fill*         0x0000000040085e1e        0x0 
 *fill*         0x0000000040085e1e        0x0 
 *fill*         0x0000000040085e1e        0x0 
 *fill*         0x0000000040085e1e        0x0 
 *fill*         0x0000000040085e1e        0x0 
 *fill*         0x0000000040085e1e        0x0 
 *fill*         0x0000000040085e1e        0x0 
 *fill*         0x0000000040085e1e        0x0 
 *fill*         0x0000000040085e1e        0x0 
 *fill*         0x0000000040085e1e        0x0 
 *fill*         0x0000000040085e1e        0x0 
 *fill*         0x0000000040085e1e        0x0 
 *fill*         0x0000000040085e1e        0x0 
 *fill*         0x0000000040085e1e        0x2 
 .text.vListInitialise
                0x0000000040085e20       0x15 /home/vc/eclipse-workspace/scanner/build/freertos/libfreertos.a(list.o)
                0x0000000040085e20                vListInitialise
 *fill*         0x0000000040085e35        0x3 
 .text.vListInitialiseItem
                0x0000000040085e38        0x9 /home/vc/eclipse-workspace/scanner/build/freertos/libfreertos.a(list.o)
                0x0000000040085e38                vListInitialiseItem
 *fill*         0x0000000040085e41        0x3 
 .text.vListInsertEnd
                0x0000000040085e44       0x1b /home/vc/eclipse-workspace/scanner/build/freertos/libfreertos.a(list.o)
                0x0000000040085e44                vListInsertEnd
 *fill*         0x0000000040085e5f        0x1 
 .text.vListInsert
                0x0000000040085e60       0x2f /home/vc/eclipse-workspace/scanner/build/freertos/libfreertos.a(list.o)
                0x0000000040085e60                vListInsert
 *fill*         0x0000000040085e8f        0x1 
 .text.uxListRemove
                0x0000000040085e90       0x26 /home/vc/eclipse-workspace/scanner/build/freertos/libfreertos.a(list.o)
                0x0000000040085e90                uxListRemove
 *fill*         0x0000000040085eb6        0x0 
 *fill*         0x0000000040085eb6        0x0 
 *fill*         0x0000000040085eb6        0x0 
 *fill*         0x0000000040085eb6        0x2 
 .text.vPortStoreTaskMPUSettings
                0x0000000040085eb8       0x13 /home/vc/eclipse-workspace/scanner/build/freertos/libfreertos.a(port.o)
                0x0000000040085eb8                vPortStoreTaskMPUSettings
 *fill*         0x0000000040085ecb        0x0 
 *fill*         0x0000000040085ecb        0x0 
 *fill*         0x0000000040085ecb        0x0 
 *fill*         0x0000000040085ecb        0x0 
 *fill*         0x0000000040085ecb        0x0 
 *fill*         0x0000000040085ecb        0x0 
 *fill*         0x0000000040085ecb        0x0 
 *fill*         0x0000000040085ecb        0x0 
 *fill*         0x0000000040085ecb        0x0 
 *fill*         0x0000000040085ecb        0x0 
 *fill*         0x0000000040085ecb        0x0 
 *fill*         0x0000000040085ecb        0x0 
 *fill*         0x0000000040085ecb        0x0 
 *fill*         0x0000000040085ecb        0x0 
 *fill*         0x0000000040085ecb        0x0 
 *fill*         0x0000000040085ecb        0x0 
 *fill*         0x0000000040085ecb        0x0 
 *fill*         0x0000000040085ecb        0x0 
 *fill*         0x0000000040085ecb        0x0 
 *fill*         0x0000000040085ecb        0x0 
 *fill*         0x0000000040085ecb        0x0 
 *fill*         0x0000000040085ecb        0x0 
 *fill*         0x0000000040085ecb        0x0 
 *fill*         0x0000000040085ecb        0x0 
 *fill*         0x0000000040085ecb        0x0 
 *fill*         0x0000000040085ecb        0x0 
 *fill*         0x0000000040085ecb        0x0 
 *fill*         0x0000000040085ecb        0x0 
 *fill*         0x0000000040085ecb        0x0 
 *fill*         0x0000000040085ecb        0x0 
 *fill*         0x0000000040085ecb        0x0 
 *fill*         0x0000000040085ecb        0x0 
 *fill*         0x0000000040085ecb        0x0 
 *fill*         0x0000000040085ecb        0x0 
 *fill*         0x0000000040085ecb        0x0 
 *fill*         0x0000000040085ecb        0x0 
 *fill*         0x0000000040085ecb        0x0 
 *fill*         0x0000000040085ecb        0x0 
 *fill*         0x0000000040085ecb        0x0 
 *fill*         0x0000000040085ecb        0x0 
 *fill*         0x0000000040085ecb        0x0 
 *fill*         0x0000000040085ecb        0x0 
 *fill*         0x0000000040085ecb        0x1 
 .text          0x0000000040085ecc       0x33 /home/vc/eclipse-workspace/scanner/build/freertos/libfreertos.a(xtensa_intr_asm.o)
                0x0000000040085ecc                xt_ints_on
                0x0000000040085ee4                xt_ints_off
 *fill*         0x0000000040085eff        0x0 
 *fill*         0x0000000040085eff        0x0 
 *fill*         0x0000000040085eff        0x1 
 .text.ringbufferFreeMem
                0x0000000040085f00       0x15 /home/vc/eclipse-workspace/scanner/build/freertos/libfreertos.a(ringbuf.o)
 *fill*         0x0000000040085f15        0x3 
 .text.getItemFromRingbufByteBuf
                0x0000000040085f18       0x56 /home/vc/eclipse-workspace/scanner/build/freertos/libfreertos.a(ringbuf.o)
 *fill*         0x0000000040085f6e        0x0 
 *fill*         0x0000000040085f6e        0x0 
 *fill*         0x0000000040085f6e        0x0 
 *fill*         0x0000000040085f6e        0x0 
 *fill*         0x0000000040085f6e        0x0 
 *fill*         0x0000000040085f6e        0x0 
 *libheap.a:multi_heap.o(.literal .text .literal.* .text.*)
 *fill*         0x0000000040085f6e        0x2 
 .text.get_prev_free_block
                0x0000000040085f70       0x70 /home/vc/eclipse-workspace/scanner/build/heap/libheap.a(multi_heap.o)
 .text.split_if_necessary
                0x0000000040085fe0       0xce /home/vc/eclipse-workspace/scanner/build/heap/libheap.a(multi_heap.o)
                                         0xda (size before relaxing)
 *fill*         0x00000000400860ae        0x2 
 .text.assert_valid_block
                0x00000000400860b0       0x76 /home/vc/eclipse-workspace/scanner/build/heap/libheap.a(multi_heap.o)
                                         0x7d (size before relaxing)
 *fill*         0x0000000040086126        0x2 
 .text.merge_adjacent
                0x0000000040086128      0x12c /home/vc/eclipse-workspace/scanner/build/heap/libheap.a(multi_heap.o)
                                        0x138 (size before relaxing)
 .text.multi_heap_get_allocated_size
                0x0000000040086254       0x36 /home/vc/eclipse-workspace/scanner/build/heap/libheap.a(multi_heap.o)
                                         0x3a (size before relaxing)
                0x0000000040086254                multi_heap_get_allocated_size
 *fill*         0x000000004008628a        0x2 
 .text.multi_heap_malloc
                0x000000004008628c       0xf8 /home/vc/eclipse-workspace/scanner/build/heap/libheap.a(multi_heap.o)
                                        0x100 (size before relaxing)
                0x000000004008628c                multi_heap_malloc
 .text.multi_heap_free
                0x0000000040086384      0x120 /home/vc/eclipse-workspace/scanner/build/heap/libheap.a(multi_heap.o)
                                        0x134 (size before relaxing)
                0x0000000040086384                multi_heap_free
 .text.multi_heap_realloc
                0x00000000400864a4      0x24c /home/vc/eclipse-workspace/scanner/build/heap/libheap.a(multi_heap.o)
                                        0x26c (size before relaxing)
                0x00000000400864a4                multi_heap_realloc
 *fill*         0x00000000400866f0        0x0 
 *fill*         0x00000000400866f0        0x0 
 *fill*         0x00000000400866f0        0x0 
 .text.multi_heap_register
                0x00000000400866f0       0x51 /home/vc/eclipse-workspace/scanner/build/heap/libheap.a(multi_heap.o)
                0x00000000400866f0                multi_heap_register
 *fill*         0x0000000040086741        0x3 
 .text.multi_heap_set_lock
                0x0000000040086744        0x7 /home/vc/eclipse-workspace/scanner/build/heap/libheap.a(multi_heap.o)
                0x0000000040086744                multi_heap_set_lock
 *fill*         0x000000004008674b        0x0 
 *libesp32.a:panic.o(.literal .text .literal.* .text.*)
 *fill*         0x000000004008674b        0x1 
 .text.panicPutChar
                0x000000004008674c       0x1e /home/vc/eclipse-workspace/scanner/build/esp32/libesp32.a(panic.o)
 *fill*         0x000000004008676a        0x2 
 .text.panicPutStr
                0x000000004008676c       0x1a /home/vc/eclipse-workspace/scanner/build/esp32/libesp32.a(panic.o)
 *fill*         0x0000000040086786        0x2 
 .text.panicPutHex
                0x0000000040086788       0x2c /home/vc/eclipse-workspace/scanner/build/esp32/libesp32.a(panic.o)
                                         0x2f (size before relaxing)
 *fill*         0x00000000400867b4        0x0 
 .text.panicPutDec
                0x00000000400867b4       0x3c /home/vc/eclipse-workspace/scanner/build/esp32/libesp32.a(panic.o)
                                         0x46 (size before relaxing)
 *fill*         0x00000000400867f0        0x0 
 .text.reconfigureAllWdts
                0x00000000400867f0       0xa8 /home/vc/eclipse-workspace/scanner/build/esp32/libesp32.a(panic.o)
 .text.putEntry
                0x0000000040086898       0x2b /home/vc/eclipse-workspace/scanner/build/esp32/libesp32.a(panic.o)
                                         0x37 (size before relaxing)
 *fill*         0x00000000400868c3        0x1 
 .text.doBacktrace
                0x00000000400868c4       0x71 /home/vc/eclipse-workspace/scanner/build/esp32/libesp32.a(panic.o)
                                         0x78 (size before relaxing)
 *fill*         0x0000000040086935        0x3 
 .text.invoke_abort
                0x0000000040086938       0x1d /home/vc/eclipse-workspace/scanner/build/esp32/libesp32.a(panic.o)
 *fill*         0x0000000040086955        0x3 
 .text.haltOtherCore
                0x0000000040086958       0x18 /home/vc/eclipse-workspace/scanner/build/esp32/libesp32.a(panic.o)
 .text.esp_panic_wdt_start
                0x0000000040086970       0x84 /home/vc/eclipse-workspace/scanner/build/esp32/libesp32.a(panic.o)
                                         0x88 (size before relaxing)
 .text.esp_panic_dig_reset
                0x00000000400869f4       0x33 /home/vc/eclipse-workspace/scanner/build/esp32/libesp32.a(panic.o)
                                         0x37 (size before relaxing)
 *fill*         0x0000000040086a27        0x1 
 .text.abort    0x0000000040086a28       0x2a /home/vc/eclipse-workspace/scanner/build/esp32/libesp32.a(panic.o)
                                         0x2d (size before relaxing)
                0x0000000040086a28                abort
 *fill*         0x0000000040086a52        0x2 
 .text.vApplicationStackOverflowHook
                0x0000000040086a54       0x17 /home/vc/eclipse-workspace/scanner/build/esp32/libesp32.a(panic.o)
                                         0x23 (size before relaxing)
                0x0000000040086a54                vApplicationStackOverflowHook
 *fill*         0x0000000040086a6b        0x1 
 .text.esp_panic_wdt_stop
                0x0000000040086a6c       0x44 /home/vc/eclipse-workspace/scanner/build/esp32/libesp32.a(panic.o)
                0x0000000040086a6c                esp_panic_wdt_stop
 .text.commonErrorHandler
                0x0000000040086ab0       0x87 /home/vc/eclipse-workspace/scanner/build/esp32/libesp32.a(panic.o)
                                         0xae (size before relaxing)
 *fill*         0x0000000040086b37        0x1 
 .text.panicHandler
                0x0000000040086b38       0xd3 /home/vc/eclipse-workspace/scanner/build/esp32/libesp32.a(panic.o)
                                        0x102 (size before relaxing)
                0x0000000040086b38                panicHandler
 *fill*         0x0000000040086c0b        0x1 
 .text.xt_unhandled_exception
                0x0000000040086c0c       0x6f /home/vc/eclipse-workspace/scanner/build/esp32/libesp32.a(panic.o)
                                         0x99 (size before relaxing)
                0x0000000040086c0c                xt_unhandled_exception
 *fill*         0x0000000040086c7b        0x1 
 .text.esp_set_breakpoint_if_jtag
                0x0000000040086c7c        0xf /home/vc/eclipse-workspace/scanner/build/esp32/libesp32.a(panic.o)
                                         0x16 (size before relaxing)
                0x0000000040086c7c                esp_set_breakpoint_if_jtag