Archive member included to satisfy reference by file (symbol)

/home/vc/eclipse-workspace/i2c/build/cxx/libcxx.a(cxx_guards.o)
                              (__cxa_guard_dummy)
/home/vc/eclipse-workspace/i2c/build/esp32/libesp32.a(panic.o)
                              /home/vc/eclipse-workspace/i2c/build/cxx/libcxx.a(cxx_guards.o) (abort)
/home/vc/eclipse-workspace/i2c/build/esp32/libesp32.a(system_api.o)
                              /home/vc/eclipse-workspace/i2c/build/esp32/libesp32.a(panic.o) (esp_restart_noos)
/home/vc/eclipse-workspace/i2c/build/esp32/libesp32.a(cpu_start.o)
                              (call_start_cpu0)
/home/vc/eclipse-workspace/i2c/build/esp32/libesp32.a(cache_err_int.o)
                              /home/vc/eclipse-workspace/i2c/build/esp32/libesp32.a(cpu_start.o) (esp_cache_err_int_init)
/home/vc/eclipse-workspace/i2c/build/esp32/libesp32.a(ipc.o)
                              /home/vc/eclipse-workspace/i2c/build/esp32/libesp32.a(cpu_start.o) (esp_ipc_init)
/home/vc/eclipse-workspace/i2c/build/esp32/libesp32.a(int_wdt.o)
                              /home/vc/eclipse-workspace/i2c/build/esp32/libesp32.a(cpu_start.o) (esp_int_wdt_init)
/home/vc/eclipse-workspace/i2c/build/esp32/libesp32.a(dport_access.o)
                              /home/vc/eclipse-workspace/i2c/build/esp32/libesp32.a(cpu_start.o) (esp_dport_access_int_init)
/home/vc/eclipse-workspace/i2c/build/esp32/libesp32.a(brownout.o)
                              /home/vc/eclipse-workspace/i2c/build/esp32/libesp32.a(cpu_start.o) (esp_brownout_init)
/home/vc/eclipse-workspace/i2c/build/esp32/libesp32.a(task_wdt.o)
                              /home/vc/eclipse-workspace/i2c/build/esp32/libesp32.a(cpu_start.o) (esp_task_wdt_init)
/home/vc/eclipse-workspace/i2c/build/esp32/libesp32.a(crosscore_int.o)
                              /home/vc/eclipse-workspace/i2c/build/esp32/libesp32.a(cpu_start.o) (esp_crosscore_int_init)
/home/vc/eclipse-workspace/i2c/build/esp32/libesp32.a(clk.o)
                              /home/vc/eclipse-workspace/i2c/build/esp32/libesp32.a(cpu_start.o) (esp_clk_init)
/home/vc/eclipse-workspace/i2c/build/esp32/libesp32.a(freertos_hooks.o)
                              /home/vc/eclipse-workspace/i2c/build/esp32/libesp32.a(task_wdt.o) (esp_register_freertos_idle_hook)
/home/vc/eclipse-workspace/i2c/build/esp32/libesp32.a(intr_alloc.o)
                              /home/vc/eclipse-workspace/i2c/build/esp32/libesp32.a(task_wdt.o) (esp_intr_alloc)
/home/vc/esp/esp-idf/components/esp32/libhal.a(int_asm--set_intclear.o)
                              /home/vc/eclipse-workspace/i2c/build/esp32/libesp32.a(intr_alloc.o) (xthal_set_intclear)
/home/vc/eclipse-workspace/i2c/build/freertos/libfreertos.a(xtensa_intr.o)
                              /home/vc/eclipse-workspace/i2c/build/esp32/libesp32.a(intr_alloc.o) (xt_unhandled_interrupt)
/home/vc/eclipse-workspace/i2c/build/freertos/libfreertos.a(queue.o)
                              /home/vc/eclipse-workspace/i2c/build/esp32/libesp32.a(ipc.o) (xQueueGenericCreate)
/home/vc/eclipse-workspace/i2c/build/freertos/libfreertos.a(list.o)
                              /home/vc/eclipse-workspace/i2c/build/freertos/libfreertos.a(queue.o) (vListInitialise)
/home/vc/eclipse-workspace/i2c/build/freertos/libfreertos.a(port.o)
                              /home/vc/eclipse-workspace/i2c/build/esp32/libesp32.a(cpu_start.o) (port_xSchedulerRunning)
/home/vc/eclipse-workspace/i2c/build/freertos/libfreertos.a(tasks.o)
                              /home/vc/eclipse-workspace/i2c/build/esp32/libesp32.a(system_api.o) (vTaskSuspendAll)
/home/vc/eclipse-workspace/i2c/build/freertos/libfreertos.a(timers.o)
                              /home/vc/eclipse-workspace/i2c/build/freertos/libfreertos.a(tasks.o) (xTimerCreateTimerTask)
/home/vc/eclipse-workspace/i2c/build/freertos/libfreertos.a(FreeRTOS-openocd.o)
                              (uxTopUsedPriority)
/home/vc/eclipse-workspace/i2c/build/freertos/libfreertos.a(xtensa_intr_asm.o)
                              /home/vc/eclipse-workspace/i2c/build/esp32/libesp32.a(intr_alloc.o) (_xt_interrupt_table)
/home/vc/eclipse-workspace/i2c/build/freertos/libfreertos.a(xtensa_context.o)
                              /home/vc/eclipse-workspace/i2c/build/freertos/libfreertos.a(port.o) (_xt_coproc_init)
/home/vc/eclipse-workspace/i2c/build/freertos/libfreertos.a(xtensa_vectors.o)
                              /home/vc/eclipse-workspace/i2c/build/freertos/libfreertos.a(port.o) (_xt_user_exit)
/home/vc/eclipse-workspace/i2c/build/freertos/libfreertos.a(portasm.o)
                              /home/vc/eclipse-workspace/i2c/build/esp32/libesp32.a(crosscore_int.o) (_frxt_setup_switch)
/home/vc/eclipse-workspace/i2c/build/freertos/libfreertos.a(xtensa_init.o)
                              /home/vc/eclipse-workspace/i2c/build/freertos/libfreertos.a(port.o) (_xt_tick_divisor_init)
/home/vc/eclipse-workspace/i2c/build/heap/libheap.a(heap_caps_init.o)
[...]
Memory Configuration

Name             Origin             Length             Attributes
iram0_0_seg      0x0000000040080000 0x0000000000020000 xr
iram0_2_seg      0x00000000400d0018 0x0000000000330000 xr
dram0_0_seg      0x000000003ffb0000 0x0000000000050000 rw
drom0_0_seg      0x000000003f400010 0x0000000000800000 r
rtc_iram_seg     0x00000000400c0000 0x0000000000002000 xrw
rtc_slow_seg     0x0000000050000000 0x0000000000001000 rw
*default*        0x0000000000000000 0xffffffffffffffff

Linker script and memory map

START GROUP
LOAD /home/vc/eclipse-workspace/i2c/build/app_trace/libapp_trace.a
LOAD /home/vc/eclipse-workspace/i2c/build/app_update/libapp_update.a
LOAD /home/vc/eclipse-workspace/i2c/build/bootloader_support/libbootloader_support.a
LOAD /home/vc/eclipse-workspace/i2c/build/bt/libbt.a
LOAD /home/vc/eclipse-workspace/i2c/build/coap/libcoap.a
LOAD /home/vc/eclipse-workspace/i2c/build/cxx/libcxx.a
LOAD /home/vc/eclipse-workspace/i2c/build/driver/libdriver.a
LOAD /home/vc/eclipse-workspace/i2c/build/esp32/libesp32.a
LOAD /home/vc/esp/esp-idf/components/esp32/libhal.a
LOAD /home/vc/esp/esp-idf/components/esp32/lib/libcore.a
LOAD /home/vc/esp/esp-idf/components/esp32/lib/librtc.a
LOAD /home/vc/eclipse-workspace/i2c/build/ethernet/libethernet.a
LOAD /home/vc/eclipse-workspace/i2c/build/expat/libexpat.a
LOAD /home/vc/eclipse-workspace/i2c/build/fatfs/libfatfs.a
LOAD /home/vc/eclipse-workspace/i2c/build/freertos/libfreertos.a
LOAD /home/vc/eclipse-workspace/i2c/build/heap/libheap.a
LOAD /home/vc/eclipse-workspace/i2c/build/jsmn/libjsmn.a
LOAD /home/vc/eclipse-workspace/i2c/build/json/libjson.a
LOAD /home/vc/eclipse-workspace/i2c/build/libsodium/liblibsodium.a
LOAD /home/vc/eclipse-workspace/i2c/build/log/liblog.a
LOAD /home/vc/eclipse-workspace/i2c/build/lwip/liblwip.a
LOAD /home/vc/eclipse-workspace/i2c/build/mbedtls/libmbedtls.a
LOAD /home/vc/eclipse-workspace/i2c/build/mdns/libmdns.a
LOAD /home/vc/eclipse-workspace/i2c/build/micro-ecc/libmicro-ecc.a
LOAD /home/vc/esp/esp-idf/components/newlib/lib/libc.a
LOAD /home/vc/esp/esp-idf/components/newlib/lib/libm.a
LOAD /home/vc/eclipse-workspace/i2c/build/newlib/libnewlib.a
LOAD /home/vc/eclipse-workspace/i2c/build/nghttp/libnghttp.a
LOAD /home/vc/eclipse-workspace/i2c/build/nvs_flash/libnvs_flash.a
LOAD /home/vc/eclipse-workspace/i2c/build/openssl/libopenssl.a
LOAD /home/vc/eclipse-workspace/i2c/build/sdmmc/libsdmmc.a
LOAD /home/vc/eclipse-workspace/i2c/build/soc/libsoc.a
LOAD /home/vc/eclipse-workspace/i2c/build/spi_flash/libspi_flash.a
LOAD /home/vc/eclipse-workspace/i2c/build/tcpip_adapter/libtcpip_adapter.a
LOAD /home/vc/eclipse-workspace/i2c/build/ulp/libulp.a
LOAD /home/vc/eclipse-workspace/i2c/build/vfs/libvfs.a
LOAD /home/vc/eclipse-workspace/i2c/build/wear_levelling/libwear_levelling.a
LOAD /home/vc/eclipse-workspace/i2c/build/wpa_supplicant/libwpa_supplicant.a
LOAD /home/vc/eclipse-workspace/i2c/build/xtensa-debug-module/libxtensa-debug-module.a
LOAD /home/vc/eclipse-workspace/i2c/build/main/libmain.a
LOAD /home/vc/esp/xtensa-esp32-elf/bin/../lib/gcc/xtensa-esp32-elf/5.2.0/libgcc.a
LOAD /home/vc/esp/xtensa-esp32-elf/bin/../lib/gcc/xtensa-esp32-elf/5.2.0/../../../../xtensa-esp32-elf/lib/libstdc++.a
END GROUP
                0x0000000040000000                _heap_end = 0x40000000

.rtc.text       0x00000000400c0000        0x0
                0x00000000400c0000                . = ALIGN (0x4)
 *(.rtc.literal .rtc.text)
 *rtc_wake_stub*.o(.literal .text .literal.* .text.*)

.rtc.data       0x0000000050000000        0x0
                0x0000000050000000                _rtc_data_start = ABSOLUTE (.)
 *(.rtc.data)
 *(.rtc.rodata)
 *rtc_wake_stub*.o(.data .rodata .data.* .rodata.* .bss .bss.*)
                0x0000000050000000                _rtc_data_end = ABSOLUTE (.)

.rtc.bss        0x0000000050000000        0x0
                0x0000000050000000                _rtc_bss_start = ABSOLUTE (.)
 *rtc_wake_stub*.o(.bss .bss.*)
 *rtc_wake_stub*.o(COMMON)
                0x0000000050000000                _rtc_bss_end = ABSOLUTE (.)

.iram0.vectors  0x0000000040080000      0x400
                0x0000000040080000                _init_start = ABSOLUTE (.)
                0x0000000000000000                . = 0x0
 *(.WindowVectors.text)
 .WindowVectors.text
                0x0000000040080000      0x16a /home/vc/eclipse-workspace/i2c/build/freertos/libfreertos.a(xtensa_vectors.o)
                0x0000000040080000                _WindowOverflow4
                0x0000000040080040                _WindowUnderflow4
                0x0000000040080050                _xt_alloca_exc
                0x0000000040080080                _WindowOverflow8
                0x00000000400800c0                _WindowUnderflow8
                0x0000000040080100                _WindowOverflow12
                0x0000000040080140                _WindowUnderflow12
                0x0000000000000180                . = 0x180
 *fill*         0x000000004008016a       0x16 
 *(.Level2InterruptVector.text)
 .Level2InterruptVector.text
                0x0000000040080180        0x6 /home/vc/eclipse-workspace/i2c/build/freertos/libfreertos.a(xtensa_vectors.o)
                0x0000000040080180                _Level2Vector
                0x00000000000001c0                . = 0x1c0
 *fill*         0x0000000040080186       0x3a 
 *(.Level3InterruptVector.text)
 .Level3InterruptVector.text
                0x00000000400801c0        0x6 /home/vc/eclipse-workspace/i2c/build/freertos/libfreertos.a(xtensa_vectors.o)
                0x00000000400801c0                _Level3Vector
                0x0000000000000200                . = 0x200
 *fill*         0x00000000400801c6       0x3a 
 *(.Level4InterruptVector.text)
 .Level4InterruptVector.text
                0x0000000040080200        0x6 /home/vc/eclipse-workspace/i2c/build/freertos/libfreertos.a(xtensa_vectors.o)
                0x0000000040080200                _Level4Vector
                0x0000000000000240                . = 0x240
 *fill*         0x0000000040080206       0x3a 
 *(.Level5InterruptVector.text)
 .Level5InterruptVector.text
                0x0000000040080240        0x6 /home/vc/eclipse-workspace/i2c/build/freertos/libfreertos.a(xtensa_vectors.o)
                0x0000000040080240                _Level5Vector
                0x0000000000000280                . = 0x280
 *fill*         0x0000000040080246       0x3a 
 *(.DebugExceptionVector.text)
 .DebugExceptionVector.text
                0x0000000040080280        0xf /home/vc/eclipse-workspace/i2c/build/freertos/libfreertos.a(xtensa_vectors.o)
                0x0000000040080280                _DebugExceptionVector
                0x00000000000002c0                . = 0x2c0
 *fill*         0x000000004008028f       0x31 
 *(.NMIExceptionVector.text)
 .NMIExceptionVector.text
                0x00000000400802c0        0x6 /home/vc/eclipse-workspace/i2c/build/freertos/libfreertos.a(xtensa_vectors.o)
                0x00000000400802c0                _NMIExceptionVector
                0x0000000000000300                . = 0x300
 *fill*         0x00000000400802c6       0x3a 
 *(.KernelExceptionVector.text)
 .KernelExceptionVector.text
                0x0000000040080300        0x6 /home/vc/eclipse-workspace/i2c/build/freertos/libfreertos.a(xtensa_vectors.o)
                0x0000000040080300                _KernelExceptionVector
                0x0000000000000340                . = 0x340
 *fill*         0x0000000040080306       0x3a 
 *(.UserExceptionVector.text)
 .UserExceptionVector.text
                0x0000000040080340        0x6 /home/vc/eclipse-workspace/i2c/build/freertos/libfreertos.a(xtensa_vectors.o)
                0x0000000040080340                _UserExceptionVector
                0x00000000000003c0                . = 0x3c0
 *fill*         0x0000000040080346       0x7a 
 *(.DoubleExceptionVector.text)
 .DoubleExceptionVector.text
                0x00000000400803c0        0xf /home/vc/eclipse-workspace/i2c/build/freertos/libfreertos.a(xtensa_vectors.o)
                0x00000000400803c0                _DoubleExceptionVector
                0x0000000000000400                . = 0x400
 *fill*         0x00000000400803cf       0x31 
 *(.*Vector.literal)
 *(.UserEnter.literal)
 *(.UserEnter.text)
                0x0000000040080400                . = ALIGN (0x10)
 *(.entry.text)
 *(.init.literal)
 *(.init)
                0x0000000040080400                _init_end = ABSOLUTE (.)
                0x0000000000000000                _iram_start = 0x0

.iram0.text     0x0000000040080400     0x735c
                0x0000000040080400                _iram_text_start = ABSOLUTE (.)
 *(.iram1 .iram1.*)
 .iram1.literal
                0x0000000040080400       0x40 /home/vc/eclipse-workspace/i2c/build/esp32/libesp32.a(system_api.o)
                                         0x60 (size before relaxing)
 .iram1.literal
                0x0000000040080440       0xa4 /home/vc/eclipse-workspace/i2c/build/esp32/libesp32.a(cpu_start.o)
                                        0x180 (size before relaxing)
 .iram1.literal
                0x00000000400804e4        0xc /home/vc/eclipse-workspace/i2c/build/esp32/libesp32.a(cache_err_int.o)
 .iram1.literal
                0x00000000400804f0       0x20 /home/vc/eclipse-workspace/i2c/build/esp32/libesp32.a(ipc.o)
                                         0x34 (size before relaxing)
 .iram1.literal
                0x0000000040080510        0x4 /home/vc/eclipse-workspace/i2c/build/esp32/libesp32.a(int_wdt.o)
                                          0xc (size before relaxing)
 .iram1.literal
                0x0000000040080514       0x34 /home/vc/eclipse-workspace/i2c/build/esp32/libesp32.a(dport_access.o)
                                         0x54 (size before relaxing)
 .iram1.literal
                0x0000000040080548       0x1c /home/vc/eclipse-workspace/i2c/build/esp32/libesp32.a(crosscore_int.o)
                                         0x40 (size before relaxing)
 .iram1.literal
                0x0000000040080564        0x8 /home/vc/eclipse-workspace/i2c/build/esp32/libesp32.a(clk.o)
 .iram1.literal
                0x000000004008056c        0x4 /home/vc/eclipse-workspace/i2c/build/esp32/libesp32.a(freertos_hooks.o)
 .iram1.literal
                0x0000000040080570       0x14 /home/vc/eclipse-workspace/i2c/build/esp32/libesp32.a(intr_alloc.o)
                                         0x5c (size before relaxing)
 .iram1.literal
                0x0000000040080584       0x50 /home/vc/eclipse-workspace/i2c/build/freertos/libfreertos.a(xtensa_vectors.o)
                                         0x80 (size before relaxing)
 .iram1.literal
                0x00000000400805d4       0x4c /home/vc/eclipse-workspace/i2c/build/heap/libheap.a(heap_caps.o)
                                         0x94 (size before relaxing)
 .iram1.literal
                0x0000000040080620       0x28 /home/vc/eclipse-workspace/i2c/build/log/liblog.a(log.o)
                                         0x48 (size before relaxing)
 .iram1.literal
                0x0000000040080648       0x1c /home/vc/eclipse-workspace/i2c/build/newlib/libnewlib.a(time.o)
                                         0x34 (size before relaxing)
 .iram1.literal
                0x0000000040080664        0x8 /home/vc/eclipse-workspace/i2c/build/newlib/libnewlib.a(reent_init.o)
                                         0x10 (size before relaxing)
 .iram1.literal
                0x000000004008066c        0x0 /home/vc/eclipse-workspace/i2c/build/newlib/libnewlib.a(syscalls.o)
                                         0x14 (size before relaxing)
 .iram1.literal
                0x000000004008066c       0x14 /home/vc/eclipse-workspace/i2c/build/newlib/libnewlib.a(locks.o)
                                         0x90 (size before relaxing)
 .iram1.literal
                0x0000000040080680       0x18 /home/vc/eclipse-workspace/i2c/build/soc/libsoc.a(cpu_util.o)
                                         0x2c (size before relaxing)
 .iram1.literal
                0x0000000040080698       0x4c /home/vc/eclipse-workspace/i2c/build/spi_flash/libspi_flash.a(cache_utils.o)
                                        0x140 (size before relaxing)
 .iram1.literal
                0x00000000400806e4       0x2c /home/vc/eclipse-workspace/i2c/build/spi_flash/libspi_flash.a(flash_ops.o)
                                         0xb4 (size before relaxing)
 .iram1.literal
                0x0000000040080710       0x48 /home/vc/eclipse-workspace/i2c/build/spi_flash/libspi_flash.a(flash_mmap.o)
                                         0xd4 (size before relaxing)
 .iram1.literal
                0x0000000040080758       0x30 /home/vc/eclipse-workspace/i2c/build/vfs/libvfs.a(vfs_uart.o)
                                         0x88 (size before relaxing)
 .literal.xt_unhandled_interrupt
                0x0000000040080788        0x4 /home/vc/eclipse-workspace/i2c/build/freertos/libfreertos.a(xtensa_intr.o)
                                          0x8 (size before relaxing)
 .literal.xt_set_interrupt_handler
                0x000000004008078c        0x8 /home/vc/eclipse-workspace/i2c/build/freertos/libfreertos.a(xtensa_intr.o)
                                          0xc (size before relaxing)
 .literal.prvIsQueueFull
                0x0000000040080794        0x0 /home/vc/eclipse-workspace/i2c/build/freertos/libfreertos.a(queue.o)
                                          0x8 (size before relaxing)
 .literal.prvCopyDataToQueue
                0x0000000040080794        0x0 /home/vc/eclipse-workspace/i2c/build/freertos/libfreertos.a(queue.o)
                                          0xc (size before relaxing)
 .literal.prvNotifyQueueSetContainer
                0x0000000040080794       0x14 /home/vc/eclipse-workspace/i2c/build/freertos/libfreertos.a(queue.o)
                                         0x2c (size before relaxing)
 .literal.prvCopyDataFromQueue
                0x00000000400807a8        0x0 /home/vc/eclipse-workspace/i2c/build/freertos/libfreertos.a(queue.o)
                                          0x4 (size before relaxing)
 .literal.xQueueGenericReset
                0x00000000400807a8        0x4 /home/vc/eclipse-workspace/i2c/build/freertos/libfreertos.a(queue.o)
                                         0x30 (size before relaxing)
 .literal.prvInitialiseNewQueue
                0x00000000400807ac        0x0 /home/vc/eclipse-workspace/i2c/build/freertos/libfreertos.a(queue.o)
                                          0x4 (size before relaxing)
 .literal.xQueueGenericCreate
                0x00000000400807ac        0x4 /home/vc/eclipse-workspace/i2c/build/freertos/libfreertos.a(queue.o)
                                         0x1c (size before relaxing)
 .literal.xQueueGetMutexHolder
                0x00000000400807b0        0x0 /home/vc/eclipse-workspace/i2c/build/freertos/libfreertos.a(queue.o)
                                          0x8 (size before relaxing)
 .literal.xQueueGenericSend
                0x00000000400807b0        0x4 /home/vc/eclipse-workspace/i2c/build/freertos/libfreertos.a(queue.o)
                                         0x7c (size before relaxing)
 .literal.prvInitialiseMutex
                0x00000000400807b4        0x0 /home/vc/eclipse-workspace/i2c/build/freertos/libfreertos.a(queue.o)
                                          0x8 (size before relaxing)
 .literal.xQueueCreateMutex
                0x00000000400807b4        0x0 /home/vc/eclipse-workspace/i2c/build/freertos/libfreertos.a(queue.o)
                                          0x8 (size before relaxing)
 .literal.xQueueGiveMutexRecursive
                0x00000000400807b4        0x4 /home/vc/eclipse-workspace/i2c/build/freertos/libfreertos.a(queue.o)
                                         0x1c (size before relaxing)
 .literal.xQueueGenericSendFromISR
                0x00000000400807b8        0x4 /home/vc/eclipse-workspace/i2c/build/freertos/libfreertos.a(queue.o)
                                         0x3c (size before relaxing)
 .literal.xQueueGiveFromISR
                0x00000000400807bc        0x4 /home/vc/eclipse-workspace/i2c/build/freertos/libfreertos.a(queue.o)
                                         0x30 (size before relaxing)
 .literal.xQueueGenericReceive
                0x00000000400807c0        0x4 /home/vc/eclipse-workspace/i2c/build/freertos/libfreertos.a(queue.o)
                                         0x78 (size before relaxing)
 .literal.xQueueTakeMutexRecursive
                0x00000000400807c4        0x4 /home/vc/eclipse-workspace/i2c/build/freertos/libfreertos.a(queue.o)
                                         0x1c (size before relaxing)
 .literal.xQueueReceiveFromISR
                0x00000000400807c8        0x4 /home/vc/eclipse-workspace/i2c/build/freertos/libfreertos.a(queue.o)
                                         0x30 (size before relaxing)
 .literal.vQueueDelete
                0x00000000400807cc        0x4 /home/vc/eclipse-workspace/i2c/build/freertos/libfreertos.a(queue.o)
                                         0x18 (size before relaxing)
 .literal.vQueueWaitForMessageRestricted
                0x00000000400807d0        0x0 /home/vc/eclipse-workspace/i2c/build/freertos/libfreertos.a(queue.o)
                                          0xc (size before relaxing)
 .literal.pxPortInitialiseStack
                0x00000000400807d0        0x4 /home/vc/eclipse-workspace/i2c/build/freertos/libfreertos.a(port.o)
                                          0x8 (size before relaxing)
 .literal.xPortStartScheduler
                0x00000000400807d4        0x0 /home/vc/eclipse-workspace/i2c/build/freertos/libfreertos.a(port.o)
                                         0x14 (size before relaxing)
 .literal.xPortSysTickHandler
                0x00000000400807d4        0x0 /home/vc/eclipse-workspace/i2c/build/freertos/libfreertos.a(port.o)
                                          0x8 (size before relaxing)
 .literal.vPortYieldOtherCore
                0x00000000400807d4        0x0 /home/vc/eclipse-workspace/i2c/build/freertos/libfreertos.a(port.o)
                                          0x4 (size before relaxing)
 .literal.vPortReleaseTaskMPUSettings
                0x00000000400807d4        0x0 /home/vc/eclipse-workspace/i2c/build/freertos/libfreertos.a(port.o)
                                          0x4 (size before relaxing)
 .literal.xPortInIsrContext
                0x00000000400807d4        0x4 /home/vc/eclipse-workspace/i2c/build/freertos/libfreertos.a(port.o)
                                          0x8 (size before relaxing)
 .literal.vPortCPUInitializeMutex
                0x00000000400807d8        0x4 /home/vc/eclipse-workspace/i2c/build/freertos/libfreertos.a(port.o)
 .literal.vPortCPUAcquireMutex
                0x00000000400807dc        0x8 /home/vc/eclipse-workspace/i2c/build/freertos/libfreertos.a(port.o)
                                         0x10 (size before relaxing)
 .literal.vPortCPUReleaseMutex
                0x00000000400807e4        0x0 /home/vc/eclipse-workspace/i2c/build/freertos/libfreertos.a(port.o)
                                         0x10 (size before relaxing)
 .literal.vPortFirstTaskHook
                0x00000000400807e4        0x0 /home/vc/eclipse-workspace/i2c/build/freertos/libfreertos.a(port.o)
                                          0x4 (size before relaxing)
 .literal.pvPortMalloc
                0x00000000400807e4        0x0 /home/vc/eclipse-workspace/i2c/build/freertos/libfreertos.a(port.o)
                                          0x4 (size before relaxing)
 .literal.vPortFree
                0x00000000400807e4        0x0 /home/vc/eclipse-workspace/i2c/build/freertos/libfreertos.a(port.o)
                                          0x4 (size before relaxing)
 .literal.prvResetNextTaskUnblockTime
                0x00000000400807e4        0x8 /home/vc/eclipse-workspace/i2c/build/freertos/libfreertos.a(tasks.o)
 .literal.prvInitialiseNewTask
                0x00000000400807ec        0x0 /home/vc/eclipse-workspace/i2c/build/freertos/libfreertos.a(tasks.o)
                                         0x18 (size before relaxing)
 .literal.prvInitialiseTaskLists
                0x00000000400807ec       0x20 /home/vc/eclipse-workspace/i2c/build/freertos/libfreertos.a(tasks.o)
                                         0x40 (size before relaxing)
 .literal.prvAddCurrentTaskToDelayedList
                0x000000004008080c        0x4 /home/vc/eclipse-workspace/i2c/build/freertos/libfreertos.a(tasks.o)
                                         0x1c (size before relaxing)
 .literal.prvDeleteTCB
                0x0000000040080810       0x10 /home/vc/eclipse-workspace/i2c/build/freertos/libfreertos.a(tasks.o)
                                         0x2c (size before relaxing)
 .literal.taskYIELD_OTHER_CORE
                0x0000000040080820        0x0 /home/vc/eclipse-workspace/i2c/build/freertos/libfreertos.a(tasks.o)
                                         0x10 (size before relaxing)
 .literal.vTaskSuspendAll
                0x0000000040080820        0x4 /home/vc/eclipse-workspace/i2c/build/freertos/libfreertos.a(tasks.o)
                                          0x8 (size before relaxing)
 .literal.vTaskSwitchContext
                0x0000000040080824       0x18 /home/vc/eclipse-workspace/i2c/build/freertos/libfreertos.a(tasks.o)
                                         0x3c (size before relaxing)
 .literal.vTaskSetTimeOutState
                0x000000004008083c        0xc /home/vc/eclipse-workspace/i2c/build/freertos/libfreertos.a(tasks.o)
                                         0x20 (size before relaxing)
 .literal.xTaskGetCurrentTaskHandle
                0x0000000040080848        0x0 /home/vc/eclipse-workspace/i2c/build/freertos/libfreertos.a(tasks.o)
                                          0x8 (size before relaxing)
 .literal.__getreent
                0x0000000040080848        0x0 /home/vc/eclipse-workspace/i2c/build/freertos/libfreertos.a(tasks.o)
                                          0x8 (size before relaxing)
 .literal.pcTaskGetTaskName
                0x0000000040080848        0x8 /home/vc/eclipse-workspace/i2c/build/freertos/libfreertos.a(tasks.o)
                                         0x1c (size before relaxing)
 .literal.xTaskGetAffinity
                0x0000000040080850        0x0 /home/vc/eclipse-workspace/i2c/build/freertos/libfreertos.a(tasks.o)
                                          0x4 (size before relaxing)
 .literal.xTaskGetCurrentTaskHandleForCPU
                0x0000000040080850        0x0 /home/vc/eclipse-workspace/i2c/build/freertos/libfreertos.a(tasks.o)
                                          0x4 (size before relaxing)
 .literal.xTaskGetSchedulerState
                0x0000000040080850        0x4 /home/vc/eclipse-workspace/i2c/build/freertos/libfreertos.a(tasks.o)
                                          0xc (size before relaxing)
 .literal.vTaskEnterCritical
                0x0000000040080854        0x0 /home/vc/eclipse-workspace/i2c/build/freertos/libfreertos.a(tasks.o)
                                          0xc (size before relaxing)
 .literal.vTaskExitCritical
                0x0000000040080854        0x0 /home/vc/eclipse-workspace/i2c/build/freertos/libfreertos.a(tasks.o)
                                         0x10 (size before relaxing)
 .literal.prvAddNewTaskToReadyList
                0x0000000040080854       0x10 /home/vc/eclipse-workspace/i2c/build/freertos/libfreertos.a(tasks.o)
                                         0x5c (size before relaxing)
 .literal.xTaskCreatePinnedToCore
                0x0000000040080864        0x0 /home/vc/eclipse-workspace/i2c/build/freertos/libfreertos.a(tasks.o)
                                         0x14 (size before relaxing)
 .literal.vTaskStartScheduler
                0x0000000040080864       0x14 /home/vc/eclipse-workspace/i2c/build/freertos/libfreertos.a(tasks.o)
                                         0x38 (size before relaxing)
 .literal.vTaskDelete
                0x0000000040080878        0x8 /home/vc/eclipse-workspace/i2c/build/freertos/libfreertos.a(tasks.o)
                                         0x5c (size before relaxing)
 .literal.prvCheckTasksWaitingTermination
                0x0000000040080880        0x0 /home/vc/eclipse-workspace/i2c/build/freertos/libfreertos.a(tasks.o)
                                         0x24 (size before relaxing)
 .literal.prvIdleTask
                0x0000000040080880        0x0 /home/vc/eclipse-workspace/i2c/build/freertos/libfreertos.a(tasks.o)
                                          0x8 (size before relaxing)
 .literal.xTaskGetTickCount
                0x0000000040080880        0x4 /home/vc/eclipse-workspace/i2c/build/freertos/libfreertos.a(tasks.o)
                                         0x10 (size before relaxing)
 .literal.xTaskIncrementTick
                0x0000000040080884        0xc /home/vc/eclipse-workspace/i2c/build/freertos/libfreertos.a(tasks.o)
                                         0x78 (size before relaxing)
 .literal.xTaskResumeAll
                0x0000000040080890        0x8 /home/vc/eclipse-workspace/i2c/build/freertos/libfreertos.a(tasks.o)
                                         0x5c (size before relaxing)
 .literal.vTaskPlaceOnEventList
                0x0000000040080898        0x8 /home/vc/eclipse-workspace/i2c/build/freertos/libfreertos.a(tasks.o)
                                         0x40 (size before relaxing)
 .literal.vTaskPlaceOnEventListRestricted
                0x00000000400808a0        0x8 /home/vc/eclipse-workspace/i2c/build/freertos/libfreertos.a(tasks.o)
                                         0x38 (size before relaxing)
 .literal.xTaskRemoveFromEventList
                0x00000000400808a8        0x8 /home/vc/eclipse-workspace/i2c/build/freertos/libfreertos.a(tasks.o)
                                         0x58 (size before relaxing)
 .literal.xTaskCheckForTimeOut
                0x00000000400808b0        0xc /home/vc/eclipse-workspace/i2c/build/freertos/libfreertos.a(tasks.o)
                                         0x3c (size before relaxing)
 .literal.vTaskPriorityInherit
                0x00000000400808bc        0x0 /home/vc/eclipse-workspace/i2c/build/freertos/libfreertos.a(tasks.o)
                                         0x2c (size before relaxing)
 .literal.xTaskPriorityDisinherit
                0x00000000400808bc        0x8 /home/vc/eclipse-workspace/i2c/build/freertos/libfreertos.a(tasks.o)
                                         0x40 (size before relaxing)
 .literal.pvTaskIncrementMutexHeldCount
                0x00000000400808c4        0x0 /home/vc/eclipse-workspace/i2c/build/freertos/libfreertos.a(tasks.o)
                                         0x10 (size before relaxing)
 .literal.prvGetNextExpireTime
                0x00000000400808c4        0x4 /home/vc/eclipse-workspace/i2c/build/freertos/libfreertos.a(timers.o)
 .literal.prvInsertTimerInActiveList
                0x00000000400808c8        0x4 /home/vc/eclipse-workspace/i2c/build/freertos/libfreertos.a(timers.o)
                                         0x10 (size before relaxing)
 .literal.prvCheckForValidListAndQueue
                0x00000000400808cc       0x1c /home/vc/eclipse-workspace/i2c/build/freertos/libfreertos.a(timers.o)
                                         0x44 (size before relaxing)
 .literal.xTimerCreateTimerTask
                0x00000000400808e8       0x10 /home/vc/eclipse-workspace/i2c/build/freertos/libfreertos.a(timers.o)
                                         0x2c (size before relaxing)
 .literal.xTimerGenericCommand
                0x00000000400808f8        0x0 /home/vc/eclipse-workspace/i2c/build/freertos/libfreertos.a(timers.o)
                                         0x14 (size before relaxing)
 .literal.prvSwitchTimerLists
                0x00000000400808f8        0x4 /home/vc/eclipse-workspace/i2c/build/freertos/libfreertos.a(timers.o)
                                         0x28 (size before relaxing)
 .literal.prvSampleTimeNow
                0x00000000400808fc        0x4 /home/vc/eclipse-workspace/i2c/build/freertos/libfreertos.a(timers.o)
                                          0xc (size before relaxing)
 .literal.prvProcessExpiredTimer
                0x0000000040080900        0x4 /home/vc/eclipse-workspace/i2c/build/freertos/libfreertos.a(timers.o)
                                         0x24 (size before relaxing)
 .literal.prvProcessTimerOrBlockTask
                0x0000000040080904        0x0 /home/vc/eclipse-workspace/i2c/build/freertos/libfreertos.a(timers.o)
                                         0x24 (size before relaxing)
 .literal.prvProcessReceivedCommands
                0x0000000040080904        0x8 /home/vc/eclipse-workspace/i2c/build/freertos/libfreertos.a(timers.o)
                                         0x40 (size before relaxing)
 .literal.prvTimerTask
                0x000000004008090c        0x0 /home/vc/eclipse-workspace/i2c/build/freertos/libfreertos.a(timers.o)
                                          0xc (size before relaxing)
 .literal       0x000000004008090c        0x0 /home/vc/eclipse-workspace/i2c/build/freertos/libfreertos.a(xtensa_context.o)
                                         0x10 (size before relaxing)
 .literal       0x000000004008090c       0x10 /home/vc/eclipse-workspace/i2c/build/freertos/libfreertos.a(portasm.o)
                                         0x54 (size before relaxing)
 .literal._xt_tick_divisor_init
                0x000000004008091c        0x4 /home/vc/eclipse-workspace/i2c/build/freertos/libfreertos.a(xtensa_init.o)
                                          0x8 (size before relaxing)
 .literal.get_prev_free_block
                0x0000000040080920       0x14 /home/vc/eclipse-workspace/i2c/build/heap/libheap.a(multi_heap.o)
                                         0x24 (size before relaxing)
 .literal.split_if_necessary
                0x0000000040080934       0x14 /home/vc/eclipse-workspace/i2c/build/heap/libheap.a(multi_heap.o)
                                         0x34 (size before relaxing)
 .literal.assert_valid_block
                0x0000000040080948       0x18 /home/vc/eclipse-workspace/i2c/build/heap/libheap.a(multi_heap.o)
                                         0x2c (size before relaxing)
 .literal.merge_adjacent
                0x0000000040080960       0x1c /home/vc/eclipse-workspace/i2c/build/heap/libheap.a(multi_heap.o)
                                         0x48 (size before relaxing)
 .literal.multi_heap_get_allocated_size
                0x000000004008097c        0x8 /home/vc/eclipse-workspace/i2c/build/heap/libheap.a(multi_heap.o)
                                         0x14 (size before relaxing)
 .literal.multi_heap_malloc
                0x0000000040080984        0x4 /home/vc/eclipse-workspace/i2c/build/heap/libheap.a(multi_heap.o)
                                         0x20 (size before relaxing)
 .literal.multi_heap_free
                0x0000000040080988       0x10 /home/vc/eclipse-workspace/i2c/build/heap/libheap.a(multi_heap.o)
                                         0x50 (size before relaxing)
 .literal.multi_heap_realloc
                0x0000000040080998        0xc /home/vc/eclipse-workspace/i2c/build/heap/libheap.a(multi_heap.o)
                                         0x64 (size before relaxing)
 .literal.panicPutChar
                0x00000000400809a4        0x4 /home/vc/eclipse-workspace/i2c/build/esp32/libesp32.a(panic.o)
                                          0x8 (size before relaxing)
 .literal.panicPutStr
                0x00000000400809a8        0x0 /home/vc/eclipse-workspace/i2c/build/esp32/libesp32.a(panic.o)
                                          0x4 (size before relaxing)
 .literal.panicPutHex
                0x00000000400809a8        0x0 /home/vc/eclipse-workspace/i2c/build/esp32/libesp32.a(panic.o)
                                          0x8 (size before relaxing)
 .literal.panicPutDec
                0x00000000400809a8        0x4 /home/vc/eclipse-workspace/i2c/build/esp32/libesp32.a(panic.o)
                                         0x10 (size before relaxing)
 .literal.reconfigureAllWdts
                0x00000000400809ac       0x10 /home/vc/eclipse-workspace/i2c/build/esp32/libesp32.a(panic.o)
                                         0x24 (size before relaxing)
 .literal.putEntry
                0x00000000400809bc       0x10 /home/vc/eclipse-workspace/i2c/build/esp32/libesp32.a(panic.o)
                                         0x20 (size before relaxing)
 .literal.doBacktrace
                0x00000000400809cc       0x10 /home/vc/eclipse-workspace/i2c/build/esp32/libesp32.a(panic.o)
                                         0x24 (size before relaxing)
 .literal.invoke_abort
                0x00000000400809dc        0x4 /home/vc/eclipse-workspace/i2c/build/esp32/libesp32.a(panic.o)
                                          0x8 (size before relaxing)
 .literal.haltOtherCore
                0x00000000400809e0        0x0 /home/vc/eclipse-workspace/i2c/build/esp32/libesp32.a(panic.o)
                                          0x4 (size before relaxing)
 .literal.esp_panic_wdt_start
                0x00000000400809e0       0x14 /home/vc/eclipse-workspace/i2c/build/esp32/libesp32.a(panic.o)
                                         0x2c (size before relaxing)
 .literal.esp_panic_dig_reset
                0x00000000400809f4        0x0 /home/vc/eclipse-workspace/i2c/build/esp32/libesp32.a(panic.o)
                                         0x14 (size before relaxing)
 .literal.abort
                0x00000000400809f4        0x8 /home/vc/eclipse-workspace/i2c/build/esp32/libesp32.a(panic.o)
                                         0x10 (size before relaxing)
 .literal.vApplicationStackOverflowHook
                0x00000000400809fc        0x8 /home/vc/eclipse-workspace/i2c/build/esp32/libesp32.a(panic.o)
                                         0x18 (size before relaxing)
 .literal.esp_panic_wdt_stop
                0x0000000040080a04        0x0 /home/vc/eclipse-workspace/i2c/build/esp32/libesp32.a(panic.o)
                                         0x18 (size before relaxing)
 .literal.commonErrorHandler
                0x0000000040080a04       0x18 /home/vc/eclipse-workspace/i2c/build/esp32/libesp32.a(panic.o)
                                         0x54 (size before relaxing)
 .literal.panicHandler
                0x0000000040080a1c       0x34 /home/vc/eclipse-workspace/i2c/build/esp32/libesp32.a(panic.o)
                                         0x8c (size before relaxing)
 .literal.xt_unhandled_exception
                0x0000000040080a50       0x1c /home/vc/eclipse-workspace/i2c/build/esp32/libesp32.a(panic.o)
                                         0x58 (size before relaxing)
 .literal.esp_set_breakpoint_if_jtag
                0x0000000040080a6c        0x0 /home/vc/eclipse-workspace/i2c/build/esp32/libesp32.a(panic.o)
                                          0x8 (size before relaxing)
 .literal._esp_error_check_failed
                0x0000000040080a6c        0xc /home/vc/eclipse-workspace/i2c/build/esp32/libesp32.a(panic.o)
                                         0x1c (size before relaxing)
 .literal.rtc_clk_cal_internal
                0x0000000040080a78       0x24 /home/vc/eclipse-workspace/i2c/build/soc/libsoc.a(rtc_time.o)
                                         0x3c (size before relaxing)
 .literal.rtc_clk_cal
                0x0000000040080a9c        0x0 /home/vc/eclipse-workspace/i2c/build/soc/libsoc.a(rtc_time.o)
                                          0xc (size before relaxing)
 .literal.rtc_time_get
                0x0000000040080a9c       0x10 /home/vc/eclipse-workspace/i2c/build/soc/libsoc.a(rtc_time.o)
                                         0x18 (size before relaxing)
 .literal.rtc_init
                0x0000000040080aac       0x98 /home/vc/eclipse-workspace/i2c/build/soc/libsoc.a(rtc_init.o)
                                        0x100 (size before relaxing)
 .literal.rtc_clk_32k_enable_internal
                0x0000000040080b44       0x14 /home/vc/eclipse-workspace/i2c/build/soc/libsoc.a(rtc_clk.o)
 .literal.rtc_clk_32k_enable
                0x0000000040080b58        0x0 /home/vc/eclipse-workspace/i2c/build/soc/libsoc.a(rtc_clk.o)
                                          0xc (size before relaxing)
 .literal.rtc_clk_slow_freq_set
                0x0000000040080b58        0x0 /home/vc/eclipse-workspace/i2c/build/soc/libsoc.a(rtc_clk.o)
                                          0xc (size before relaxing)
 .literal.rtc_clk_slow_freq_get
                0x0000000040080b58        0x0 /home/vc/eclipse-workspace/i2c/build/soc/libsoc.a(rtc_clk.o)
                                          0x4 (size before relaxing)
 .literal.rtc_clk_slow_freq_get_hz
                0x0000000040080b58        0x0 /home/vc/eclipse-workspace/i2c/build/soc/libsoc.a(rtc_clk.o)
                                         0x10 (size before relaxing)
 .literal.rtc_clk_fast_freq_set
                0x0000000040080b58        0x0 /home/vc/eclipse-workspace/i2c/build/soc/libsoc.a(rtc_clk.o)
                                          0xc (size before relaxing)
 .literal.rtc_clk_bbpll_set
                0x0000000040080b58        0x4 /home/vc/eclipse-workspace/i2c/build/soc/libsoc.a(rtc_clk.o)
                                         0x30 (size before relaxing)
 .literal.rtc_clk_xtal_freq_get
                0x0000000040080b5c        0xc /home/vc/eclipse-workspace/i2c/build/soc/libsoc.a(rtc_clk.o)
                                         0x1c (size before relaxing)
 .literal.rtc_clk_apb_freq_update
                0x0000000040080b68        0x4 /home/vc/eclipse-workspace/i2c/build/soc/libsoc.a(rtc_clk.o)
                                          0x8 (size before relaxing)
 .literal.rtc_clk_cpu_freq_set
                0x0000000040080b6c       0x20 /home/vc/eclipse-workspace/i2c/build/soc/libsoc.a(rtc_clk.o)
                                         0x94 (size before relaxing)
 .literal.rtc_clk_apb_freq_get
                0x0000000040080b8c        0x0 /home/vc/eclipse-workspace/i2c/build/soc/libsoc.a(rtc_clk.o)
                                          0x8 (size before relaxing)
 .literal       0x0000000040080b8c        0x0 /home/vc/esp/esp-idf/components/esp32/libhal.a(windowspill_asm.o)
                                          0x4 (size before relaxing)
 .literal.esp_rom_spiflash_read_status
                0x0000000040080b8c       0x10 /home/vc/eclipse-workspace/i2c/build/spi_flash/libspi_flash.a(spi_flash_rom_patch.o)
                                         0x14 (size before relaxing)
 .literal.esp_rom_spiflash_wait_idle
                0x0000000040080b9c        0x8 /home/vc/eclipse-workspace/i2c/build/spi_flash/libspi_flash.a(spi_flash_rom_patch.o)
                                          0xc (size before relaxing)
 .literal.esp_rom_spiflash_erase_block_internal
                0x0000000040080ba4        0x4 /home/vc/eclipse-workspace/i2c/build/spi_flash/libspi_flash.a(spi_flash_rom_patch.o)
                                         0x18 (size before relaxing)
 .literal.esp_rom_spiflash_erase_sector_internal
                0x0000000040080ba8        0x0 /home/vc/eclipse-workspace/i2c/build/spi_flash/libspi_flash.a(spi_flash_rom_patch.o)
                                         0x18 (size before relaxing)
 .literal.esp_rom_spiflash_read_data
                0x0000000040080ba8       0x1c /home/vc/eclipse-workspace/i2c/build/spi_flash/libspi_flash.a(spi_flash_rom_patch.o)
                                         0x34 (size before relaxing)
 .literal.esp_rom_spiflash_enable_write
                0x0000000040080bc4        0x0 /home/vc/eclipse-workspace/i2c/build/spi_flash/libspi_flash.a(spi_flash_rom_patch.o)
                                         0x10 (size before relaxing)
 .literal.esp_rom_spiflash_program_page_internal
                0x0000000040080bc4        0xc /home/vc/eclipse-workspace/i2c/build/spi_flash/libspi_flash.a(spi_flash_rom_patch.o)
                                         0x40 (size before relaxing)
 .literal.esp_rom_spiflash_read_statushigh
                0x0000000040080bd0        0x4 /home/vc/eclipse-workspace/i2c/build/spi_flash/libspi_flash.a(spi_flash_rom_patch.o)
                                          0xc (size before relaxing)
 .literal.esp_rom_spiflash_write_status
                0x0000000040080bd4        0x4 /home/vc/eclipse-workspace/i2c/build/spi_flash/libspi_flash.a(spi_flash_rom_patch.o)
                                         0x14 (size before relaxing)
 .literal.esp_rom_spiflash_unlock
                0x0000000040080bd8        0x8 /home/vc/eclipse-workspace/i2c/build/spi_flash/libspi_flash.a(spi_flash_rom_patch.o)
                                         0x28 (size before relaxing)
 .literal.esp_rom_spiflash_erase_block
                0x0000000040080be0        0xc /home/vc/eclipse-workspace/i2c/build/spi_flash/libspi_flash.a(spi_flash_rom_patch.o)
                                         0x20 (size before relaxing)
 .literal.esp_rom_spiflash_erase_sector
                0x0000000040080bec        0x0 /home/vc/eclipse-workspace/i2c/build/spi_flash/libspi_flash.a(spi_flash_rom_patch.o)
                                         0x20 (size before relaxing)
 .literal.esp_rom_spiflash_write
                0x0000000040080bec        0x0 /home/vc/eclipse-workspace/i2c/build/spi_flash/libspi_flash.a(spi_flash_rom_patch.o)
                                         0x28 (size before relaxing)
 .literal.esp_rom_spiflash_write_encrypted
                0x0000000040080bec        0xc /home/vc/eclipse-workspace/i2c/build/spi_flash/libspi_flash.a(spi_flash_rom_patch.o)
                                         0x10 (size before relaxing)
 .literal.esp_rom_spiflash_read
                0x0000000040080bf8       0x30 /home/vc/eclipse-workspace/i2c/build/spi_flash/libspi_flash.a(spi_flash_rom_patch.o)
                                         0x5c (size before relaxing)
 .iram1         0x0000000040080c28      0x149 /home/vc/eclipse-workspace/i2c/build/esp32/libesp32.a(system_api.o)
                                        0x160 (size before relaxing)
                0x0000000040080c28                esp_restart_noos
                0x0000000040080d68                esp_restart
                0x0000000040080d68                system_restart
 *fill*         0x0000000040080d71        0x3 
 .iram1         0x0000000040080d74      0x2bc /home/vc/eclipse-workspace/i2c/build/esp32/libesp32.a(cpu_start.o)
                                        0x334 (size before relaxing)
                0x0000000040080d74                start_cpu0
                0x0000000040080d74                start_cpu0_default
                0x0000000040080e1c                start_cpu1_default
                0x0000000040080e1c                start_cpu1
                0x0000000040080ed0                call_start_cpu0
 .iram1         0x0000000040081030       0x2c /home/vc/eclipse-workspace/i2c/build/esp32/libesp32.a(cache_err_int.o)
                0x0000000040081030                esp_cache_err_get_cpuid
 .iram1         0x000000004008105c       0x7f /home/vc/eclipse-workspace/i2c/build/esp32/libesp32.a(ipc.o)
                                         0x8b (size before relaxing)
 *fill*         0x00000000400810db        0x1 
 .iram1         0x00000000400810dc       0x53 /home/vc/eclipse-workspace/i2c/build/esp32/libesp32.a(int_wdt.o)
 *fill*         0x000000004008112f        0x1 
 .iram1         0x0000000040081130      0x125 /home/vc/eclipse-workspace/i2c/build/esp32/libesp32.a(dport_access.o)
                                        0x131 (size before relaxing)
                0x0000000040081130                esp_dport_access_stall_other_cpu_start
                0x00000000400811d0                esp_dport_access_stall_other_cpu_end
                0x0000000040081248                esp_dport_access_stall_other_cpu_start_wrap
                0x0000000040081250                esp_dport_access_stall_other_cpu_end_wrap
 *fill*         0x0000000040081255        0x3 
 .iram1         0x0000000040081258       0x98 /home/vc/eclipse-workspace/i2c/build/esp32/libesp32.a(crosscore_int.o)
                                         0xa8 (size before relaxing)
                0x000000004008129c                esp_crosscore_int_send_yield
 .iram1         0x00000000400812f0        0xf /home/vc/eclipse-workspace/i2c/build/esp32/libesp32.a(clk.o)
                0x00000000400812f0                ets_update_cpu_frequency
 *fill*         0x00000000400812ff        0x1 
 .iram1         0x0000000040081300       0x1c /home/vc/eclipse-workspace/i2c/build/esp32/libesp32.a(freertos_hooks.o)
                0x0000000040081300                esp_vApplicationTickHook
 .iram1         0x000000004008131c      0x1f6 /home/vc/eclipse-workspace/i2c/build/esp32/libesp32.a(intr_alloc.o)
                                        0x20a (size before relaxing)
                0x0000000040081358                esp_intr_enable
                0x00000000400813e0                esp_intr_disable
                0x0000000040081470                esp_intr_noniram_disable
                0x00000000400814bc                esp_intr_noniram_enable
                0x00000000400814fc                ets_isr_unmask
                0x0000000040081508                ets_isr_mask
 *fill*         0x0000000040081512        0x2 
 .iram1         0x0000000040081514      0x56e /home/vc/eclipse-workspace/i2c/build/freertos/libfreertos.a(xtensa_vectors.o)
                0x0000000040081514                _xt_panic
                0x000000004008162c                _xt_user_exit
                0x00000000400818fc                _xt_medint2_exit
                0x0000000040081988                _xt_medint3_exit
 *fill*         0x0000000040081a82        0x2 
 .iram1         0x0000000040081a84      0x231 /home/vc/eclipse-workspace/i2c/build/heap/libheap.a(heap_caps.o)
                                        0x249 (size before relaxing)
                0x0000000040081b1c                heap_caps_malloc
                0x0000000040081bd4                heap_caps_free
                0x0000000040081c0c                heap_caps_realloc
 *fill*         0x0000000040081cb5        0x3 
 .iram1         0x0000000040081cb8      0x17a /home/vc/eclipse-workspace/i2c/build/log/liblog.a(log.o)
                                        0x186 (size before relaxing)
                0x0000000040081cb8                esp_log_write
                0x0000000040081de8                esp_log_early_timestamp
                0x0000000040081dfc                esp_log_timestamp
 *fill*         0x0000000040081e32        0x2 
 .iram1         0x0000000040081e34       0xb4 /home/vc/eclipse-workspace/i2c/build/newlib/libnewlib.a(time.o)
                                         0xbc (size before relaxing)
                0x0000000040081e7c                _gettimeofday_r
                0x0000000040081ec0                _times_r
 .iram1         0x0000000040081ee8       0x3c /home/vc/eclipse-workspace/i2c/build/newlib/libnewlib.a(reent_init.o)
                0x0000000040081ee8                esp_reent_init
 .iram1         0x0000000040081f24       0x50 /home/vc/eclipse-workspace/i2c/build/newlib/libnewlib.a(syscalls.o)
                                         0x58 (size before relaxing)
                0x0000000040081f24                _malloc_r
                0x0000000040081f38                _free_r
                0x0000000040081f44                _realloc_r
                0x0000000040081f54                _calloc_r
 .iram1         0x0000000040081f74      0x1cc /home/vc/eclipse-workspace/i2c/build/newlib/libnewlib.a(locks.o)
                                        0x210 (size before relaxing)
                0x000000004008208c                _lock_init
                0x000000004008209c                _lock_init_recursive
                0x00000000400820ac                _lock_close
                0x00000000400820e8                _lock_acquire
                0x00000000400820f8                _lock_acquire_recursive
                0x0000000040082108                _lock_try_acquire
                0x0000000040082118                _lock_try_acquire_recursive
                0x0000000040082128                _lock_release
                0x0000000040082134                _lock_release_recursive
 .iram1         0x0000000040082140       0xf6 /home/vc/eclipse-workspace/i2c/build/soc/libsoc.a(cpu_util.o)
                0x0000000040082140                esp_cpu_stall
                0x00000000400821d4                esp_cpu_unstall
                0x0000000040082228                esp_cpu_in_ocd_debug_mode
 *fill*         0x0000000040082236        0x2 
 .iram1         0x0000000040082238      0x330 /home/vc/eclipse-workspace/i2c/build/spi_flash/libspi_flash.a(cache_utils.o)
                                        0x398 (size before relaxing)
                0x0000000040082348                spi_flash_op_block_func
                0x0000000040082398                spi_flash_disable_interrupts_caches_and_other_cpu
                0x000000004008245c                spi_flash_enable_interrupts_caches_and_other_cpu
                0x00000000400824ec                spi_flash_disable_interrupts_caches_and_other_cpu_no_os
                0x0000000040082518                spi_flash_enable_interrupts_caches_no_os
                0x0000000040082534                spi_flash_cache_enabled
 .iram1         0x0000000040082568      0x579 /home/vc/eclipse-workspace/i2c/build/spi_flash/libspi_flash.a(flash_ops.o)
                                        0x59d (size before relaxing)
                0x00000000400825c8                spi_flash_guard_set
                0x00000000400825d4                spi_flash_get_chip_size
                0x00000000400825e0                spi_flash_erase_range
                0x0000000040082684                spi_flash_erase_sector
                0x0000000040082694                spi_flash_write
                0x000000004008281c                spi_flash_read
                0x00000000400829a0                spi_flash_read_encrypted
                0x00000000400829ec                spi_flash_write_encrypted
 *fill*         0x0000000040082ae1        0x3 
 .iram1         0x0000000040082ae4      0x3b6 /home/vc/eclipse-workspace/i2c/build/spi_flash/libspi_flash.a(flash_mmap.o)
                                        0x3d2 (size before relaxing)
                0x0000000040082bdc                spi_flash_mmap
                0x0000000040082dac                spi_flash_munmap
                0x0000000040082e50                spi_flash_mark_modified_region
 *fill*         0x0000000040082e9a        0x2 
 .iram1         0x0000000040082e9c      0x18d /home/vc/eclipse-workspace/i2c/build/vfs/libvfs.a(vfs_uart.o)
                                        0x1a9 (size before relaxing)
 *fill*         0x0000000040083029        0x0 
 *fill*         0x0000000040083029        0x0 
 *fill*         0x0000000040083029        0x0 
 *fill*         0x0000000040083029        0x0 
 *fill*         0x0000000040083029        0x0 
 *fill*         0x0000000040083029        0x0 
 *fill*         0x0000000040083029        0x0 
 *fill*         0x0000000040083029        0x0 
 *fill*         0x0000000040083029        0x0 
 *fill*         0x0000000040083029        0x0 
 *fill*         0x0000000040083029        0x0 
 *libfreertos.a:(.literal .text .literal.* .text.*)
 *fill*         0x0000000040083029        0x3 
 .text.xt_unhandled_interrupt
                0x000000004008302c       0x16 /home/vc/eclipse-workspace/i2c/build/freertos/libfreertos.a(xtensa_intr.o)
                0x000000004008302c                xt_unhandled_interrupt
 *fill*         0x0000000040083042        0x2 
 .text.xt_set_interrupt_handler
                0x0000000040083044       0x4a /home/vc/eclipse-workspace/i2c/build/freertos/libfreertos.a(xtensa_intr.o)
                0x0000000040083044                xt_set_interrupt_handler
 *fill*         0x000000004008308e        0x2 
 .text.prvIsQueueFull
                0x0000000040083090       0x2a /home/vc/eclipse-workspace/i2c/build/freertos/libfreertos.a(queue.o)
 *fill*         0x00000000400830ba        0x2 
 .text.prvCopyDataToQueue
                0x00000000400830bc       0x9e /home/vc/eclipse-workspace/i2c/build/freertos/libfreertos.a(queue.o)
 *fill*         0x000000004008315a        0x2 
 .text.prvNotifyQueueSetContainer
                0x000000004008315c       0x6a /home/vc/eclipse-workspace/i2c/build/freertos/libfreertos.a(queue.o)
                                         0x76 (size before relaxing)
 *fill*         0x00000000400831c6        0x2 
 .text.prvCopyDataFromQueue
                0x00000000400831c8       0x24 /home/vc/eclipse-workspace/i2c/build/freertos/libfreertos.a(queue.o)
 .text.xQueueGenericReset
                0x00000000400831ec       0x86 /home/vc/eclipse-workspace/i2c/build/freertos/libfreertos.a(queue.o)
                                         0x96 (size before relaxing)
                0x00000000400831ec                xQueueGenericReset
 *fill*         0x0000000040083272        0x2 
 .text.prvInitialiseNewQueue
                0x0000000040083274       0x1f /home/vc/eclipse-workspace/i2c/build/freertos/libfreertos.a(queue.o)
                                         0x23 (size before relaxing)
 *fill*         0x0000000040083293        0x1 
 .text.xQueueGenericCreate
                0x0000000040083294       0x45 /home/vc/eclipse-workspace/i2c/build/freertos/libfreertos.a(queue.o)
                                         0x4d (size before relaxing)
                0x0000000040083294                xQueueGenericCreate
 *fill*         0x00000000400832d9        0x3 
 .text.xQueueGetMutexHolder
                0x00000000400832dc       0x23 /home/vc/eclipse-workspace/i2c/build/freertos/libfreertos.a(queue.o)
                0x00000000400832dc                xQueueGetMutexHolder
 *fill*         0x00000000400832ff        0x1 
 .text.xQueueGenericSend
                0x0000000040083300      0x158 /home/vc/eclipse-workspace/i2c/build/freertos/libfreertos.a(queue.o)
                                        0x18c (size before relaxing)
                0x0000000040083300                xQueueGenericSend
 .text.prvInitialiseMutex
                0x0000000040083458       0x22 /home/vc/eclipse-workspace/i2c/build/freertos/libfreertos.a(queue.o)
                                         0x26 (size before relaxing)
 *fill*         0x000000004008347a        0x2 
 .text.xQueueCreateMutex
                0x000000004008347c       0x16 /home/vc/eclipse-workspace/i2c/build/freertos/libfreertos.a(queue.o)
                                         0x1a (size before relaxing)
                0x000000004008347c                xQueueCreateMutex
 *fill*         0x0000000040083492        0x2 
 .text.xQueueGiveMutexRecursive
                0x0000000040083494       0x48 /home/vc/eclipse-workspace/i2c/build/freertos/libfreertos.a(queue.o)
                                         0x4c (size before relaxing)
                0x0000000040083494                xQueueGiveMutexRecursive
 .text.xQueueGenericSendFromISR
                0x00000000400834dc       0xd6 /home/vc/eclipse-workspace/i2c/build/freertos/libfreertos.a(queue.o)
                                         0xe6 (size before relaxing)
                0x00000000400834dc                xQueueGenericSendFromISR
 *fill*         0x00000000400835b2        0x2 
 .text.xQueueGiveFromISR
                0x00000000400835b4       0xb6 /home/vc/eclipse-workspace/i2c/build/freertos/libfreertos.a(queue.o)
                                         0xc2 (size before relaxing)
                0x00000000400835b4                xQueueGiveFromISR
 *fill*         0x000000004008366a        0x2 
 .text.xQueueGenericReceive
                0x000000004008366c      0x144 /home/vc/eclipse-workspace/i2c/build/freertos/libfreertos.a(queue.o)
                                        0x178 (size before relaxing)
                0x000000004008366c                xQueueGenericReceive
 .text.xQueueTakeMutexRecursive
                0x00000000400837b0       0x51 /home/vc/eclipse-workspace/i2c/build/freertos/libfreertos.a(queue.o)
                0x00000000400837b0                xQueueTakeMutexRecursive
 *fill*         0x0000000040083801        0x3 
 .text.xQueueReceiveFromISR
                0x0000000040083804       0x96 /home/vc/eclipse-workspace/i2c/build/freertos/libfreertos.a(queue.o)
                                         0xa6 (size before relaxing)
                0x0000000040083804                xQueueReceiveFromISR
 *fill*         0x000000004008389a        0x2 
 .text.vQueueDelete
                0x000000004008389c       0x25 /home/vc/eclipse-workspace/i2c/build/freertos/libfreertos.a(queue.o)
                                         0x28 (size before relaxing)
                0x000000004008389c                vQueueDelete
 *fill*         0x00000000400838c1        0x3 
 .text.vQueueWaitForMessageRestricted
                0x00000000400838c4       0x23 /home/vc/eclipse-workspace/i2c/build/freertos/libfreertos.a(queue.o)
                                         0x2a (size before relaxing)
                0x00000000400838c4                vQueueWaitForMessageRestricted
 *fill*         0x00000000400838e7        0x1 
 .text.pxPortInitialiseStack
                0x00000000400838e8       0x50 /home/vc/eclipse-workspace/i2c/build/freertos/libfreertos.a(port.o)
                0x00000000400838e8                pxPortInitialiseStack
 .text.xPortStartScheduler
                0x0000000040083938       0x22 /home/vc/eclipse-workspace/i2c/build/freertos/libfreertos.a(port.o)
                                         0x2e (size before relaxing)
                0x0000000040083938                xPortStartScheduler
 *fill*         0x000000004008395a        0x2 
 .text.xPortSysTickHandler
                0x000000004008395c       0x10 /home/vc/eclipse-workspace/i2c/build/freertos/libfreertos.a(port.o)
                                         0x16 (size before relaxing)
                0x000000004008395c                xPortSysTickHandler
 *fill*         0x000000004008396c        0x0 
 .text.vPortYieldOtherCore
                0x000000004008396c        0xa /home/vc/eclipse-workspace/i2c/build/freertos/libfreertos.a(port.o)
                                          0xe (size before relaxing)
                0x000000004008396c                vPortYieldOtherCore
 *fill*         0x0000000040083976        0x2 
 .text.vPortReleaseTaskMPUSettings
                0x0000000040083978        0xa /home/vc/eclipse-workspace/i2c/build/freertos/libfreertos.a(port.o)
                                          0xe (size before relaxing)
                0x0000000040083978                vPortReleaseTaskMPUSettings
 *fill*         0x0000000040083982        0x2 
 .text.xPortInIsrContext
                0x0000000040083984       0x26 /home/vc/eclipse-workspace/i2c/build/freertos/libfreertos.a(port.o)
                0x0000000040083984                xPortInIsrContext
 *fill*         0x00000000400839aa        0x2 
 .text.vPortCPUInitializeMutex
                0x00000000400839ac        0xd /home/vc/eclipse-workspace/i2c/build/freertos/libfreertos.a(port.o)
                0x00000000400839ac                vPortCPUInitializeMutex
 *fill*         0x00000000400839b9        0x3 
 .text.vPortCPUAcquireMutex
                0x00000000400839bc       0x62 /home/vc/eclipse-workspace/i2c/build/freertos/libfreertos.a(port.o)
                0x00000000400839bc                vPortCPUAcquireMutex
 *fill*         0x0000000040083a1e        0x2 
 .text.vPortCPUReleaseMutex
                0x0000000040083a20       0x63 /home/vc/eclipse-workspace/i2c/build/freertos/libfreertos.a(port.o)
                0x0000000040083a20                vPortCPUReleaseMutex
 *fill*         0x0000000040083a83        0x1 
 .text.vPortFirstTaskHook
                0x0000000040083a84        0xa /home/vc/eclipse-workspace/i2c/build/freertos/libfreertos.a(port.o)
                                          0xe (size before relaxing)
                0x0000000040083a84                vPortFirstTaskHook
 *fill*         0x0000000040083a8e        0x2 
 .text.pvPortMalloc
                0x0000000040083a90       0x11 /home/vc/eclipse-workspace/i2c/build/freertos/libfreertos.a(port.o)
                0x0000000040083a90                pvPortMalloc
 *fill*         0x0000000040083aa1        0x3 
 .text.vPortFree
                0x0000000040083aa4        0xa /home/vc/eclipse-workspace/i2c/build/freertos/libfreertos.a(port.o)
                                          0xe (size before relaxing)
                0x0000000040083aa4                vPortFree
 *fill*         0x0000000040083aae        0x2 
 .text.prvResetNextTaskUnblockTime
                0x0000000040083ab0       0x34 /home/vc/eclipse-workspace/i2c/build/freertos/libfreertos.a(tasks.o)
 .text.prvInitialiseNewTask
                0x0000000040083ae4       0xc6 /home/vc/eclipse-workspace/i2c/build/freertos/libfreertos.a(tasks.o)
                                         0xd2 (size before relaxing)
 *fill*         0x0000000040083baa        0x2 
 .text.prvInitialiseTaskLists
                0x0000000040083bac       0x5a /home/vc/eclipse-workspace/i2c/build/freertos/libfreertos.a(tasks.o)
                                         0x6e (size before relaxing)
 *fill*         0x0000000040083c06        0x2 
 .text.prvAddCurrentTaskToDelayedList
                0x0000000040083c08       0x66 /home/vc/eclipse-workspace/i2c/build/freertos/libfreertos.a(tasks.o)
                                         0x6a (size before relaxing)
 *fill*         0x0000000040083c6e        0x2 
 .text.prvDeleteTCB
                0x0000000040083c70       0x4a /home/vc/eclipse-workspace/i2c/build/freertos/libfreertos.a(tasks.o)
                                         0x5d (size before relaxing)
 *fill*         0x0000000040083cba        0x2 
 .text.taskYIELD_OTHER_CORE
                0x0000000040083cbc       0x53 /home/vc/eclipse-workspace/i2c/build/freertos/libfreertos.a(tasks.o)
                0x0000000040083cbc                taskYIELD_OTHER_CORE
 *fill*         0x0000000040083d0f        0x1 
 .text.vTaskSuspendAll
                0x0000000040083d10       0x26 /home/vc/eclipse-workspace/i2c/build/freertos/libfreertos.a(tasks.o)
                0x0000000040083d10                vTaskSuspendAll
 *fill*         0x0000000040083d36        0x2 
 .text.vTaskSwitchContext
                0x0000000040083d38      0x2a2 /home/vc/eclipse-workspace/i2c/build/freertos/libfreertos.a(tasks.o)
                                        0x2ae (size before relaxing)
                0x0000000040083d38                vTaskSwitchContext
 *fill*         0x0000000040083fda        0x2 
 .text.vTaskSetTimeOutState
                0x0000000040083fdc       0x34 /home/vc/eclipse-workspace/i2c/build/freertos/libfreertos.a(tasks.o)
                0x0000000040083fdc                vTaskSetTimeOutState
 .text.xTaskGetCurrentTaskHandle
                0x0000000040084010       0x1f /home/vc/eclipse-workspace/i2c/build/freertos/libfreertos.a(tasks.o)
                0x0000000040084010                xTaskGetCurrentTaskHandle
 *fill*         0x000000004008402f        0x1 
 .text.__getreent
                0x0000000040084030       0x19 /home/vc/eclipse-workspace/i2c/build/freertos/libfreertos.a(tasks.o)
                0x0000000040084030                __getreent
 *fill*         0x0000000040084049        0x3 
 .text.pcTaskGetTaskName
                0x000000004008404c       0x2a /home/vc/eclipse-workspace/i2c/build/freertos/libfreertos.a(tasks.o)
                                         0x2d (size before relaxing)
                0x000000004008404c                pcTaskGetTaskName
 *fill*         0x0000000040084076        0x2 
 .text.xTaskGetAffinity
                0x0000000040084078       0x10 /home/vc/eclipse-workspace/i2c/build/freertos/libfreertos.a(tasks.o)
                                         0x13 (size before relaxing)
                0x0000000040084078                xTaskGetAffinity
 *fill*         0x0000000040084088        0x0 
 .text.xTaskGetCurrentTaskHandleForCPU
                0x0000000040084088       0x18 /home/vc/eclipse-workspace/i2c/build/freertos/libfreertos.a(tasks.o)
                0x0000000040084088                xTaskGetCurrentTaskHandleForCPU
 .text.xTaskGetSchedulerState
                0x00000000400840a0       0x37 /home/vc/eclipse-workspace/i2c/build/freertos/libfreertos.a(tasks.o)
                0x00000000400840a0                xTaskGetSchedulerState
 *fill*         0x00000000400840d7        0x1 
 .text.vTaskEnterCritical
                0x00000000400840d8       0x72 /home/vc/eclipse-workspace/i2c/build/freertos/libfreertos.a(tasks.o)
                                         0x76 (size before relaxing)
                0x00000000400840d8                vTaskEnterCritical
 *fill*         0x000000004008414a        0x2 
 .text.vTaskExitCritical
                0x000000004008414c       0x6e /home/vc/eclipse-workspace/i2c/build/freertos/libfreertos.a(tasks.o)
                                         0x72 (size before relaxing)
                0x000000004008414c                vTaskExitCritical
 *fill*         0x00000000400841ba        0x2 
 .text.prvAddNewTaskToReadyList
                0x00000000400841bc      0x174 /home/vc/eclipse-workspace/i2c/build/freertos/libfreertos.a(tasks.o)
                                        0x187 (size before relaxing)
 *fill*         0x0000000040084330        0x0 
 .text.xTaskCreatePinnedToCore
                0x0000000040084330       0x65 /home/vc/eclipse-workspace/i2c/build/freertos/libfreertos.a(tasks.o)
                                         0x71 (size before relaxing)
                0x0000000040084330                xTaskCreatePinnedToCore
 *fill*         0x0000000040084395        0x3 
 .text.vTaskStartScheduler
                0x0000000040084398       0x67 /home/vc/eclipse-workspace/i2c/build/freertos/libfreertos.a(tasks.o)
                                         0x72 (size before relaxing)
                0x0000000040084398                vTaskStartScheduler
 *fill*         0x00000000400843ff        0x1 
 .text.vTaskDelete
                0x0000000040084400       0xe0 /home/vc/eclipse-workspace/i2c/build/freertos/libfreertos.a(tasks.o)
                                        0x100 (size before relaxing)
                0x0000000040084400                vTaskDelete
 .text.prvCheckTasksWaitingTermination
                0x00000000400844e0       0x90 /home/vc/eclipse-workspace/i2c/build/freertos/libfreertos.a(tasks.o)
                                         0x97 (size before relaxing)
 *fill*         0x0000000040084570        0x0 
 .text.prvIdleTask
                0x0000000040084570        0xc /home/vc/eclipse-workspace/i2c/build/freertos/libfreertos.a(tasks.o)
                                         0x12 (size before relaxing)
 *fill*         0x000000004008457c        0x0 
 .text.xTaskGetTickCount
                0x000000004008457c       0x1c /home/vc/eclipse-workspace/i2c/build/freertos/libfreertos.a(tasks.o)
                                         0x20 (size before relaxing)
                0x000000004008457c                xTaskGetTickCount
 .text.xTaskIncrementTick
                0x0000000040084598      0x1b2 /home/vc/eclipse-workspace/i2c/build/freertos/libfreertos.a(tasks.o)
                                        0x1ce (size before relaxing)
                0x0000000040084598                xTaskIncrementTick
 *fill*         0x000000004008474a        0x2 
 .text.xTaskResumeAll
                0x000000004008474c      0x17f /home/vc/eclipse-workspace/i2c/build/freertos/libfreertos.a(tasks.o)
                                        0x192 (size before relaxing)
                0x000000004008474c                xTaskResumeAll
 *fill*         0x00000000400848cb        0x1 
 .text.vTaskPlaceOnEventList
                0x00000000400848cc       0x8f /home/vc/eclipse-workspace/i2c/build/freertos/libfreertos.a(tasks.o)
                                         0xa3 (size before relaxing)
                0x00000000400848cc                vTaskPlaceOnEventList
 *fill*         0x000000004008495b        0x1 
 .text.vTaskPlaceOnEventListRestricted
                0x000000004008495c       0x6b /home/vc/eclipse-workspace/i2c/build/freertos/libfreertos.a(tasks.o)
                                         0x7f (size before relaxing)
                0x000000004008495c                vTaskPlaceOnEventListRestricted
 *fill*         0x00000000400849c7        0x1 
 .text.xTaskRemoveFromEventList
                0x00000000400849c8      0x104 /home/vc/eclipse-workspace/i2c/build/freertos/libfreertos.a(tasks.o)
                                        0x113 (size before relaxing)
                0x00000000400849c8                xTaskRemoveFromEventList
 *fill*         0x0000000040084acc        0x0 
 .text.xTaskCheckForTimeOut
                0x0000000040084acc       0x8b /home/vc/eclipse-workspace/i2c/build/freertos/libfreertos.a(tasks.o)
                                         0x96 (size before relaxing)
                0x0000000040084acc                xTaskCheckForTimeOut
 *fill*         0x0000000040084b57        0x1 
 .text.vTaskPriorityInherit
                0x0000000040084b58       0xc4 /home/vc/eclipse-workspace/i2c/build/freertos/libfreertos.a(tasks.o)
                                         0xdb (size before relaxing)
                0x0000000040084b58                vTaskPriorityInherit
 *fill*         0x0000000040084c1c        0x0 
 .text.xTaskPriorityDisinherit
                0x0000000040084c1c       0x97 /home/vc/eclipse-workspace/i2c/build/freertos/libfreertos.a(tasks.o)
                                         0xaa (size before relaxing)
                0x0000000040084c1c                xTaskPriorityDisinherit
 *fill*         0x0000000040084cb3        0x1 
 .text.pvTaskIncrementMutexHeldCount
                0x0000000040084cb4       0x50 /home/vc/eclipse-workspace/i2c/build/freertos/libfreertos.a(tasks.o)
                                         0x54 (size before relaxing)
                0x0000000040084cb4                pvTaskIncrementMutexHeldCount
 .text.prvGetNextExpireTime
                0x0000000040084d04       0x20 /home/vc/eclipse-workspace/i2c/build/freertos/libfreertos.a(timers.o)
 .text.prvInsertTimerInActiveList
                0x0000000040084d24       0x50 /home/vc/eclipse-workspace/i2c/build/freertos/libfreertos.a(timers.o)
                                         0x54 (size before relaxing)
 .text.prvCheckForValidListAndQueue
                0x0000000040084d74       0x66 /home/vc/eclipse-workspace/i2c/build/freertos/libfreertos.a(timers.o)
                                         0x7e (size before relaxing)
 *fill*         0x0000000040084dda        0x2 
 .text.xTimerCreateTimerTask
                0x0000000040084ddc       0x48 /home/vc/eclipse-workspace/i2c/build/freertos/libfreertos.a(timers.o)
                                         0x4c (size before relaxing)
                0x0000000040084ddc                xTimerCreateTimerTask
 .text.xTimerGenericCommand
                0x0000000040084e24       0x55 /home/vc/eclipse-workspace/i2c/build/freertos/libfreertos.a(timers.o)
                                         0x5d (size before relaxing)
                0x0000000040084e24                xTimerGenericCommand
 *fill*         0x0000000040084e79        0x3 
 .text.prvSwitchTimerLists
                0x0000000040084e7c       0x76 /home/vc/eclipse-workspace/i2c/build/freertos/libfreertos.a(timers.o)
                                         0x82 (size before relaxing)
 *fill*         0x0000000040084ef2        0x2 
 .text.prvSampleTimeNow
                0x0000000040084ef4       0x2b /home/vc/eclipse-workspace/i2c/build/freertos/libfreertos.a(timers.o)
                                         0x2f (size before relaxing)
 *fill*         0x0000000040084f1f        0x1 
 .text.prvProcessExpiredTimer
                0x0000000040084f20       0x53 /home/vc/eclipse-workspace/i2c/build/freertos/libfreertos.a(timers.o)
                                         0x5f (size before relaxing)
 *fill*         0x0000000040084f73        0x1 
 .text.prvProcessTimerOrBlockTask
                0x0000000040084f74       0x58 /home/vc/eclipse-workspace/i2c/build/freertos/libfreertos.a(timers.o)
                                         0x6c (size before relaxing)
 .text.prvProcessReceivedCommands
                0x0000000040084fcc       0xd2 /home/vc/eclipse-workspace/i2c/build/freertos/libfreertos.a(timers.o)
                                         0xe6 (size before relaxing)
 *fill*         0x000000004008509e        0x2 
 .text.prvTimerTask
                0x00000000400850a0       0x15 /home/vc/eclipse-workspace/i2c/build/freertos/libfreertos.a(timers.o)
                                         0x1d (size before relaxing)
 *fill*         0x00000000400850b5        0x3 
 .text          0x00000000400850b8      0x12b /home/vc/eclipse-workspace/i2c/build/freertos/libfreertos.a(xtensa_context.o)
                0x00000000400850b8                _xt_context_save
                0x0000000040085120                _xt_context_restore
                0x0000000040085164                _xt_coproc_init
                0x0000000040085178                _xt_coproc_release
                0x00000000400851a4                _xt_coproc_savecs
                0x00000000400851c4                _xt_coproc_restorecs
 *fill*         0x00000000400851e3        0x1 
 .text          0x00000000400851e4      0x1cc /home/vc/eclipse-workspace/i2c/build/freertos/libfreertos.a(portasm.o)
                0x00000000400851e4                _frxt_setup_switch
                0x00000000400851fc                _frxt_int_enter
                0x0000000040085244                _frxt_int_exit
                0x0000000040085294                _frxt_timer_int
                0x00000000400852b8                _frxt_tick_timer_init
                0x00000000400852d0                _frxt_dispatch
                0x0000000040085318                vPortYield
                0x0000000040085364                vPortYieldFromInt
                0x0000000040085384                _frxt_task_coproc_state
 .text._xt_tick_divisor_init
                0x00000000400853b0        0xd /home/vc/eclipse-workspace/i2c/build/freertos/libfreertos.a(xtensa_init.o)
                0x00000000400853b0                _xt_tick_divisor_init
 *fill*         0x00000000400853bd        0x0 
 *fill*         0x00000000400853bd        0x0 
 *fill*         0x00000000400853bd        0x3 
 .text.prvIsQueueEmpty
                0x00000000400853c0       0x12 /home/vc/eclipse-workspace/i2c/build/freertos/libfreertos.a(queue.o)
 *fill*         0x00000000400853d2        0x0 
 *fill*         0x00000000400853d2        0x0 
 *fill*         0x00000000400853d2        0x0 
 *fill*         0x00000000400853d2        0x0 
 *fill*         0x00000000400853d2        0x0 
 *fill*         0x00000000400853d2        0x0 
 *fill*         0x00000000400853d2        0x0 
 *fill*         0x00000000400853d2        0x0 
 *fill*         0x00000000400853d2        0x0 
 *fill*         0x00000000400853d2        0x0 
 *fill*         0x00000000400853d2        0x0 
 *fill*         0x00000000400853d2        0x0 
 *fill*         0x00000000400853d2        0x0 
 *fill*         0x00000000400853d2        0x0 
 *fill*         0x00000000400853d2        0x2 
 .text.vListInitialise
                0x00000000400853d4       0x15 /home/vc/eclipse-workspace/i2c/build/freertos/libfreertos.a(list.o)
                0x00000000400853d4                vListInitialise
 *fill*         0x00000000400853e9        0x3 
 .text.vListInitialiseItem
                0x00000000400853ec        0x9 /home/vc/eclipse-workspace/i2c/build/freertos/libfreertos.a(list.o)
                0x00000000400853ec                vListInitialiseItem
 *fill*         0x00000000400853f5        0x3 
 .text.vListInsertEnd
                0x00000000400853f8       0x1b /home/vc/eclipse-workspace/i2c/build/freertos/libfreertos.a(list.o)
                0x00000000400853f8                vListInsertEnd
 *fill*         0x0000000040085413        0x1 
 .text.vListInsert
                0x0000000040085414       0x2f /home/vc/eclipse-workspace/i2c/build/freertos/libfreertos.a(list.o)
                0x0000000040085414                vListInsert
 *fill*         0x0000000040085443        0x1 
 .text.uxListRemove
                0x0000000040085444       0x26 /home/vc/eclipse-workspace/i2c/build/freertos/libfreertos.a(list.o)
                0x0000000040085444                uxListRemove
 *fill*         0x000000004008546a        0x0 
 *fill*         0x000000004008546a        0x0 
 *fill*         0x000000004008546a        0x0 
 *fill*         0x000000004008546a        0x2 
 .text.vPortStoreTaskMPUSettings
                0x000000004008546c       0x13 /home/vc/eclipse-workspace/i2c/build/freertos/libfreertos.a(port.o)
                0x000000004008546c                vPortStoreTaskMPUSettings
 *fill*         0x000000004008547f        0x0 
 *fill*         0x000000004008547f        0x0 
 *fill*         0x000000004008547f        0x0 
 *fill*         0x000000004008547f        0x0 
 *fill*         0x000000004008547f        0x0 
 *fill*         0x000000004008547f        0x0 
 *fill*         0x000000004008547f        0x0 
 *fill*         0x000000004008547f        0x0 
 *fill*         0x000000004008547f        0x0 
 *fill*         0x000000004008547f        0x0 
 *fill*         0x000000004008547f        0x0 
 *fill*         0x000000004008547f        0x0 
 *fill*         0x000000004008547f        0x0 
 *fill*         0x000000004008547f        0x0 
 *fill*         0x000000004008547f        0x0 
 *fill*         0x000000004008547f        0x0 
 *fill*         0x000000004008547f        0x0 
 *fill*         0x000000004008547f        0x0 
 *fill*         0x000000004008547f        0x0 
 *fill*         0x000000004008547f        0x0 
 *fill*         0x000000004008547f        0x0 
 *fill*         0x000000004008547f        0x0 
 *fill*         0x000000004008547f        0x0 
 *fill*         0x000000004008547f        0x0 
 *fill*         0x000000004008547f        0x0 
 *fill*         0x000000004008547f        0x0 
 *fill*         0x000000004008547f        0x0 
 *fill*         0x000000004008547f        0x0 
 *fill*         0x000000004008547f        0x0 
 *fill*         0x000000004008547f        0x0 
 *fill*         0x000000004008547f        0x0 
 *fill*         0x000000004008547f        0x0 
 *fill*         0x000000004008547f        0x0 
 *fill*         0x000000004008547f        0x0 
 *fill*         0x000000004008547f        0x0 
 *fill*         0x000000004008547f        0x0 
 *fill*         0x000000004008547f        0x0 
 *fill*         0x000000004008547f        0x0 
 *fill*         0x000000004008547f        0x0 
 *fill*         0x000000004008547f        0x0 
 *fill*         0x000000004008547f        0x0 
 *fill*         0x000000004008547f        0x0 
 *fill*         0x000000004008547f        0x1 
 .text          0x0000000040085480       0x33 /home/vc/eclipse-workspace/i2c/build/freertos/libfreertos.a(xtensa_intr_asm.o)
                0x0000000040085480                xt_ints_on
                0x0000000040085498                xt_ints_off
 *fill*         0x00000000400854b3        0x0 
 *fill*         0x00000000400854b3        0x0 
 *libheap.a:multi_heap.o(.literal .text .literal.* .text.*)
 *fill*         0x00000000400854b3        0x1 
 .text.get_prev_free_block
                0x00000000400854b4       0x70 /home/vc/eclipse-workspace/i2c/build/heap/libheap.a(multi_heap.o)
 .text.split_if_necessary
                0x0000000040085524       0xce /home/vc/eclipse-workspace/i2c/build/heap/libheap.a(multi_heap.o)
                                         0xda (size before relaxing)
 *fill*         0x00000000400855f2        0x2 
 .text.assert_valid_block
                0x00000000400855f4       0x76 /home/vc/eclipse-workspace/i2c/build/heap/libheap.a(multi_heap.o)
                                         0x7d (size before relaxing)
 *fill*         0x000000004008566a        0x2 
 .text.merge_adjacent
                0x000000004008566c      0x12c /home/vc/eclipse-workspace/i2c/build/heap/libheap.a(multi_heap.o)
                                        0x138 (size before relaxing)
 .text.multi_heap_get_allocated_size
                0x0000000040085798       0x36 /home/vc/eclipse-workspace/i2c/build/heap/libheap.a(multi_heap.o)
                                         0x3a (size before relaxing)
                0x0000000040085798                multi_heap_get_allocated_size
 *fill*         0x00000000400857ce        0x2 
 .text.multi_heap_malloc
                0x00000000400857d0       0xf8 /home/vc/eclipse-workspace/i2c/build/heap/libheap.a(multi_heap.o)
                                        0x100 (size before relaxing)
                0x00000000400857d0                multi_heap_malloc
 .text.multi_heap_free
                0x00000000400858c8      0x120 /home/vc/eclipse-workspace/i2c/build/heap/libheap.a(multi_heap.o)
                                        0x134 (size before relaxing)
                0x00000000400858c8                multi_heap_free
 .text.multi_heap_realloc
                0x00000000400859e8      0x24c /home/vc/eclipse-workspace/i2c/build/heap/libheap.a(multi_heap.o)
                                        0x26c (size before relaxing)
                0x00000000400859e8                multi_heap_realloc
 *fill*         0x0000000040085c34        0x0 
 *fill*         0x0000000040085c34        0x0 
 *fill*         0x0000000040085c34        0x0 
 *fill*         0x0000000040085c34        0x0 
 .text.multi_heap_register
                0x0000000040085c34       0x51 /home/vc/eclipse-workspace/i2c/build/heap/libheap.a(multi_heap.o)
                0x0000000040085c34                multi_heap_register
 *fill*         0x0000000040085c85        0x3 
 .text.multi_heap_set_lock
                0x0000000040085c88        0x7 /home/vc/eclipse-workspace/i2c/build/heap/libheap.a(multi_heap.o)
                0x0000000040085c88                multi_heap_set_lock
 *fill*         0x0000000040085c8f        0x0 
 *libesp32.a:panic.o(.literal .text .literal.* .text.*)
 *fill*         0x0000000040085c8f        0x1 
 .text.panicPutChar
                0x0000000040085c90       0x1e /home/vc/eclipse-workspace/i2c/build/esp32/libesp32.a(panic.o)
 *fill*         0x0000000040085cae        0x2 
 .text.panicPutStr
                0x0000000040085cb0       0x1a /home/vc/eclipse-workspace/i2c/build/esp32/libesp32.a(panic.o)
 *fill*         0x0000000040085cca        0x2 
 .text.panicPutHex
                0x0000000040085ccc       0x2c /home/vc/eclipse-workspace/i2c/build/esp32/libesp32.a(panic.o)
                                         0x2f (size before relaxing)
 *fill*         0x0000000040085cf8        0x0 
 .text.panicPutDec
                0x0000000040085cf8       0x3c /home/vc/eclipse-workspace/i2c/build/esp32/libesp32.a(panic.o)
                                         0x46 (size before relaxing)
 *fill*         0x0000000040085d34        0x0 
 .text.reconfigureAllWdts
                0x0000000040085d34       0xa8 /home/vc/eclipse-workspace/i2c/build/esp32/libesp32.a(panic.o)
 .text.putEntry
                0x0000000040085ddc       0x2b /home/vc/eclipse-workspace/i2c/build/esp32/libesp32.a(panic.o)
                                         0x37 (size before relaxing)
 *fill*         0x0000000040085e07        0x1 
 .text.doBacktrace
                0x0000000040085e08       0x71 /home/vc/eclipse-workspace/i2c/build/esp32/libesp32.a(panic.o)
                                         0x78 (size before relaxing)
 *fill*         0x0000000040085e79        0x3 
 .text.invoke_abort
                0x0000000040085e7c       0x1d /home/vc/eclipse-workspace/i2c/build/esp32/libesp32.a(panic.o)
 *fill*         0x0000000040085e99        0x3 
 .text.haltOtherCore
                0x0000000040085e9c       0x18 /home/vc/eclipse-workspace/i2c/build/esp32/libesp32.a(panic.o)
 .text.esp_panic_wdt_start
                0x0000000040085eb4       0x84 /home/vc/eclipse-workspace/i2c/build/esp32/libesp32.a(panic.o)
                                         0x88 (size before relaxing)
 .text.esp_panic_dig_reset
                0x0000000040085f38       0x33 /home/vc/eclipse-workspace/i2c/build/esp32/libesp32.a(panic.o)
                                         0x37 (size before relaxing)
 *fill*         0x0000000040085f6b        0x1 
 .text.abort    0x0000000040085f6c       0x2a /home/vc/eclipse-workspace/i2c/build/esp32/libesp32.a(panic.o)
                                         0x2d (size before relaxing)
                0x0000000040085f6c                abort
 *fill*         0x0000000040085f96        0x2 
 .text.vApplicationStackOverflowHook
                0x0000000040085f98       0x17 /home/vc/eclipse-workspace/i2c/build/esp32/libesp32.a(panic.o)
                                         0x23 (size before relaxing)
                0x0000000040085f98                vApplicationStackOverflowHook
 *fill*         0x0000000040085faf        0x1 
 .text.esp_panic_wdt_stop
                0x0000000040085fb0       0x44 /home/vc/eclipse-workspace/i2c/build/esp32/libesp32.a(panic.o)
                0x0000000040085fb0                esp_panic_wdt_stop
 .text.commonErrorHandler
                0x0000000040085ff4       0x87 /home/vc/eclipse-workspace/i2c/build/esp32/libesp32.a(panic.o)
                                         0xae (size before relaxing)
 *fill*         0x000000004008607b        0x1 
 .text.panicHandler
                0x000000004008607c       0xd3 /home/vc/eclipse-workspace/i2c/build/esp32/libesp32.a(panic.o)
                                        0x102 (size before relaxing)
                0x000000004008607c                panicHandler
 *fill*         0x000000004008614f        0x1 
 .text.xt_unhandled_exception
                0x0000000040086150       0x6f /home/vc/eclipse-workspace/i2c/build/esp32/libesp32.a(panic.o)
                                         0x99 (size before relaxing)
                0x0000000040086150                xt_unhandled_exception
 *fill*         0x00000000400861bf        0x1 
 .text.esp_set_breakpoint_if_jtag
                0x00000000400861c0        0xf /home/vc/eclipse-workspace/i2c/build/esp32/libesp32.a(panic.o)
                                         0x16 (size before relaxing)
                0x00000000400861c0                esp_set_breakpoint_if_jtag
 *fill*         0x00000000400861cf        0x1 
 .text._esp_error_check_failed
                0x00000000400861d0       0x3c /home/vc/eclipse-workspace/i2c/build/esp32/libesp32.a(panic.o)
                                         0x43 (size before relaxing)
                0x00000000400861d0                _esp_error_check_failed
 *fill*         0x000000004008620c        0x0 
 *fill*         0x000000004008620c        0x0 
 *fill*         0x000000004008620c        0x0 
 *fill*         0x000000004008620c        0x0 
 .text.setFirstBreakpoint
                0x000000004008620c       0x13 /home/vc/eclipse-workspace/i2c/build/esp32/libesp32.a(panic.o)
 *fill*         0x000000004008621f        0x0 
 *fill*         0x000000004008621f        0x0 
 *fill*         0x000000004008621f        0x0 
 *fill*         0x000000004008621f        0x0 
 *fill*         0x000000004008621f        0x0 
 *fill*         0x000000004008621f        0x0 
 *fill*         0x000000004008621f        0x0 
 *fill*         0x000000004008621f        0x0 
 *fill*         0x000000004008621f        0x0 
 *fill*         0x000000004008621f        0x0 
 *libesp32.a:core_dump.o(.literal .text .literal.* .text.*)
 *libapp_trace.a:(.literal .text .literal.* .text.*)
 *libxtensa-debug-module.a:eri.o(.literal .text .literal.* .text.*)
 *libesp32.a:app_trace.o(.literal .text .literal.* .text.*)
 *libphy.a:(.literal .text .literal.* .text.*)
 *librtc.a:(.literal .text .literal.* .text.*)
 *libsoc.a:(.literal .text .literal.* .text.*)
 *fill*         0x000000004008621f        0x1 
 .text.rtc_clk_cal_internal
                0x0000000040086220      0x161 /home/vc/eclipse-workspace/i2c/build/soc/libsoc.a(rtc_time.o)
 *fill*         0x0000000040086381        0x3 
 .text.rtc_clk_cal
                0x0000000040086384       0x4e /home/vc/eclipse-workspace/i2c/build/soc/libsoc.a(rtc_time.o)
                                         0x52 (size before relaxing)
                0x0000000040086384                rtc_clk_cal
 *fill*         0x00000000400863d2        0x2 
 .text.rtc_time_get
                0x00000000400863d4       0x50 /home/vc/eclipse-workspace/i2c/build/soc/libsoc.a(rtc_time.o)
                0x00000000400863d4                rtc_time_get
 .text.rtc_init
                0x0000000040086424      0x37c /home/vc/eclipse-workspace/i2c/build/soc/libsoc.a(rtc_init.o)
                                        0x3b8 (size before relaxing)
                0x0000000040086424                rtc_init
 .text.rtc_clk_32k_enable_internal
                0x00000000400867a0       0x81 /home/vc/eclipse-workspace/i2c/build/soc/libsoc.a(rtc_clk.o)
 *fill*         0x0000000040086821        0x3 
 .text.rtc_clk_32k_enable
                0x0000000040086824       0x2d /home/vc/eclipse-workspace/i2c/build/soc/libsoc.a(rtc_clk.o)
                0x0000000040086824                rtc_clk_32k_enable
 *fill*         0x0000000040086851        0x3 
 .text.rtc_clk_slow_freq_set
                0x0000000040086854       0x27 /home/vc/eclipse-workspace/i2c/build/soc/libsoc.a(rtc_clk.o)
                0x0000000040086854                rtc_clk_slow_freq_set
 *fill*         0x000000004008687b        0x1 
 .text.rtc_clk_slow_freq_get
                0x000000004008687c       0x10 /home/vc/eclipse-workspace/i2c/build/soc/libsoc.a(rtc_clk.o)
                0x000000004008687c                rtc_clk_slow_freq_get
 .text.rtc_clk_slow_freq_get_hz
                0x000000004008688c       0x29 /home/vc/eclipse-workspace/i2c/build/soc/libsoc.a(rtc_clk.o)
                0x000000004008688c                rtc_clk_slow_freq_get_hz
 *fill*         0x00000000400868b5        0x3 
 .text.rtc_clk_fast_freq_set
                0x00000000400868b8       0x2a /home/vc/eclipse-workspace/i2c/build/soc/libsoc.a(rtc_clk.o)
                0x00000000400868b8                rtc_clk_fast_freq_set
 *fill*         0x00000000400868e2        0x2 
 .text.rtc_clk_bbpll_set
                0x00000000400868e4      0x154 /home/vc/eclipse-workspace/i2c/build/soc/libsoc.a(rtc_clk.o)
                                        0x15c (size before relaxing)
                0x00000000400868e4                rtc_clk_bbpll_set
 .text.rtc_clk_xtal_freq_get
                0x0000000040086a38       0x38 /home/vc/eclipse-workspace/i2c/build/soc/libsoc.a(rtc_clk.o)
                                         0x40 (size before relaxing)
                0x0000000040086a38                rtc_get_xtal
                0x0000000040086a38                rtc_clk_xtal_freq_get
 .text.rtc_clk_apb_freq_update
                0x0000000040086a70       0x13 /home/vc/eclipse-workspace/i2c/build/soc/libsoc.a(rtc_clk.o)
                                         0x16 (size before relaxing)
                0x0000000040086a70                rtc_clk_apb_freq_update
 *fill*         0x0000000040086a83        0x1 
 .text.rtc_clk_cpu_freq_set
                0x0000000040086a84      0x1b8 /home/vc/eclipse-workspace/i2c/build/soc/libsoc.a(rtc_clk.o)
                                        0x1f0 (size before relaxing)
                0x0000000040086a84                rtc_clk_cpu_freq_set
 .text.rtc_clk_apb_freq_get
                0x0000000040086c3c       0x13 /home/vc/eclipse-workspace/i2c/build/soc/libsoc.a(rtc_clk.o)
                                         0x16 (size before relaxing)
                0x0000000040086c3c                rtc_clk_apb_freq_get
 *fill*         0x0000000040086c4f        0x0 
 *fill*         0x0000000040086c4f        0x0 
 *fill*         0x0000000040086c4f        0x0 
 *fill*         0x0000000040086c4f        0x1 
 .text.clk_val_is_valid
                0x0000000040086c50       0x20 /home/vc/eclipse-workspace/i2c/build/soc/libsoc.a(rtc_clk.o)
 .text.reg_val_to_clk_val
                0x0000000040086c70        0x8 /home/vc/eclipse-workspace/i2c/build/soc/libsoc.a(rtc_clk.o)
 .text.clk_val_to_reg_val
                0x0000000040086c78        0xe /home/vc/eclipse-workspace/i2c/build/soc/libsoc.a(rtc_clk.o)
 *fill*         0x0000000040086c86        0x0 
 *fill*         0x0000000040086c86        0x0 
 *fill*         0x0000000040086c86        0x0 
 *fill*         0x0000000040086c86        0x0 
 *fill*         0x0000000040086c86        0x0 
 *fill*         0x0000000040086c86        0x0 
 *libhal.a:(.literal .text .literal.* .text.*)
 *fill*         0x0000000040086c86        0x2 
 .text          0x0000000040086c88      0x137 /home/vc/esp/esp-idf/components/esp32/libhal.a(windowspill_asm.o)
                0x0000000040086c88                xthal_window_spill_nw
                0x0000000040086c88                xthal_spill_registers_into_stack_nw
                0x0000000040086d9c                xthal_window_spill
 *fill*         0x0000000040086dbf        0x1 
 .text          0x0000000040086dc0        0x8 /home/vc/esp/esp-idf/components/esp32/libhal.a(int_asm--set_intclear.o)
                0x0000000040086dc0                xthal_set_intclear
 .text          0x0000000040086dc8       0x48 /home/vc/esp/esp-idf/components/esp32/libhal.a(clock.o)
                0x0000000040086dc8                xthal_get_ccount
                0x0000000040086dd0                xthal_set_ccompare
                0x0000000040086df0                xthal_get_ccompare
 *fill*         0x0000000040086e10        0x0 
 .text          0x0000000040086e10       0x3e /home/vc/esp/esp-idf/components/esp32/libhal.a(state_asm--restore_extra_nw.o)
                0x0000000040086e10                xthal_restore_extra_nw
 *fill*         0x0000000040086e4e        0x2 
 .text          0x0000000040086e50       0x3e /home/vc/esp/esp-idf/components/esp32/libhal.a(state_asm--save_extra_nw.o)
                0x0000000040086e50                xthal_save_extra_nw
 *libspi_flash.a:spi_flash_rom_patch.o(.literal .text .literal.* .text.*)
 *fill*         0x0000000040086e8e        0x2 
 .text.esp_rom_spiflash_read_status
                0x0000000040086e90       0x61 /home/vc/eclipse-workspace/i2c/build/spi_flash/libspi_flash.a(spi_flash_rom_patch.o)